Archive member included to satisfy reference by file (symbol)

../../../../cpu/wl83/liba/system.a(app_core.c.o)
                              obj/Release/apps/common/system/init.o (symbol from plugin) (app_core_msg_handler)
../../../../cpu/wl83/liba/system.a(ASCII_lib.c.o)
                              obj/Release/apps/wifi_camera/video_dec.o (symbol from plugin) (ASCII_ToUpper)
../../../../cpu/wl83/liba/system.a(circular_buf.c.o)
                              obj/Release/apps/common/audio_music/usb_audio_api.o (symbol from plugin) (cbuf_read)
../../../../cpu/wl83/liba/system.a(hwi.c.o)
                              obj/Release/apps/common/system/init.o (symbol from plugin) (dump_cpu_irq_usage)
../../../../cpu/wl83/liba/system.a(os_cpu_c_v2.c.o)
                              obj/Release/apps/common/system/init.o (symbol from plugin) (cpu1_run_flag)
../../../../cpu/wl83/liba/system.a(movable.c.o)
                              obj/Release/cpu/wl83/setup.o (symbol from plugin) (code_movable_init)
../../../../cpu/wl83/liba/system.a(os_core.c.o)
                              os_cpu_c_v2.c.o (symbol from plugin) (OS_Sched)
../../../../cpu/wl83/liba/system.a(os_flag.c.o)
                              os_core.c.o (symbol from plugin) (OS_FlagInit)
../../../../cpu/wl83/liba/system.a(os_task.c.o)
                              os_core.c.o (symbol from plugin) (OSTaskCreate)
../../../../cpu/wl83/liba/system.a(os_time.c.o)
                              os_task.c.o (symbol from plugin) (OSTimeDly)
../../../../cpu/wl83/liba/system.a(os_api.c.o)
                              os_cpu_c_v2.c.o (symbol from plugin) (task_info_update_runtime)
../../../../cpu/wl83/liba/system.a(lbuf.c.o)
                              obj/Release/apps/common/video/user_video_rec.o (symbol from plugin) (lbuf_free_space)
../../../../cpu/wl83/liba/system.a(mem_heap_ram.c.o)
                              obj/Release/apps/common/usb/usb_epbuf_manager.o (symbol from plugin) (ram_free)
../../../../cpu/wl83/liba/system.a(malloc.c.o)
                              obj/Release/apps/common/audio_music/usb_audio_api.o (symbol from plugin) (malloc)
../../../../cpu/wl83/liba/system.a(printf-stdarg.c.o)
                              obj/Release/apps/common/net/assign_macaddr.o (symbol from plugin) (snprintf)
../../../../cpu/wl83/liba/system.a(printf-user.c.o)
                              os_cpu_c_v2.c.o (symbol from plugin) (put_u32hex)
../../../../cpu/wl83/liba/system.a(puthex.c.o)
                              obj/Release/apps/common/audio_music/usb_audio_api.o (symbol from plugin) (putchar)
../../../../cpu/wl83/liba/system.a(log.c.o)
                              obj/Release/cpu/wl83/debug.o (symbol from plugin) (log_flush)
../../../../cpu/wl83/liba/system.a(server_core.c.o)
                              obj/Release/apps/common/audio_music/usb_audio_api.o (symbol from plugin) (server_request)
../../../../cpu/wl83/liba/system.a(task.c.o)
                              os_api.c.o (symbol from plugin) (get_task_priority)
../../../../cpu/wl83/liba/system.a(timer.c.o)
                              obj/Release/apps/common/system/init.o (symbol from plugin) (sys_timer_add)
../../../../cpu/wl83/liba/system.a(wait_completion.c.o)
                              obj/Release/apps/wifi_camera/video_rec.o (symbol from plugin) (wait_completion)
../../../../cpu/wl83/liba/system.a(sys_timer_task.c.o)
                              obj/Release/apps/common/system/init.o (symbol from plugin) (sys_timer_task_init)
../../../../cpu/wl83/liba/system.a(movable.S.o)
                              movable.c.o (symbol from plugin) (movable_swi_entry)
../../../../cpu/wl83/liba/system.a(version.z.o)
                              (lib_system_version)
../../../../cpu/wl83/liba/system.a(jiffies.c.o)
                              log.c.o (symbol from plugin) (jiffies_msec)
../../../../cpu/wl83/liba/system.a(os_mutex.c.o)
                              os_api.c.o (symbol from plugin) (OSMutexAccept)
../../../../cpu/wl83/liba/system.a(os_q.c.o)
                              os_api.c.o (symbol from plugin) (OSQAccept)
../../../../cpu/wl83/liba/system.a(os_sem.c.o)
                              os_api.c.o (symbol from plugin) (OSSemAccept)
../../../../cpu/wl83/liba/system.a(fcvt.c.o)
                              printf-stdarg.c.o (symbol from plugin) (ecvtbuf)
../../../../cpu/wl83/liba/fs.a(vfs.c.o)
                              obj/Release/apps/common/system/device_mount.o (symbol from plugin) (mount)
../../../../cpu/wl83/liba/fs.a(sdfile.c.o)
                              (sdfile_vfs_ops)
../../../../cpu/wl83/liba/fs.a(sdfile_ext.c.o)
                              sdfile.c.o (symbol from plugin) (sdfile_ext_cpu_addr2flash_addr)
../../../../cpu/wl83/liba/fs.a(fat_compact.c.o)
                              vfs.c.o (symbol from plugin) (__fat_fscan_subpath_or_pre_dir)
../../../../cpu/wl83/liba/fs.a(UTF8Unicode_conversion.c.o)
[...]
Memory Configuration

Name             Origin             Length             Attributes
rom              0x08000120         0x00800000         xr
sdram            0x18000000         0x01000000         xrw
ram0             0x00100000         0x0001fd44         xrw
boot_info        0x0011fd44         0x0000003c         xrw
dcache_ram       0x00378000         0x00000000         rw
icache0_ram      0x003c8000         0x00000000         rw
icache1_ram      0x003d8000         0x00000000         rw
video_ram        0x07f00000         0x00000000         xrw
*default*        0x00000000         0xffffffff

Linker script and memory map

LOAD obj/Release/cpu/wl83/adc_api.o
LOAD ..\..\..\..\cpu\wl83\tools\sdk.elf.o
LOAD obj/Release/cpu/wl83/debug.o
LOAD obj/Release/cpu/wl83/setup.o
LOAD obj/Release/include_lib/btctrler/version.z.o
LOAD obj/Release/include_lib/btstack/version.z.o
LOAD obj/Release/include_lib/driver/version.z.o
LOAD obj/Release/include_lib/net/version.z.o
LOAD obj/Release/include_lib/server/version.z.o
LOAD obj/Release/include_lib/system/version.z.o
LOAD obj/Release/include_lib/update/version.z.o
LOAD obj/Release/include_lib/utils/version.z.o
LOAD obj/Release/lib/net/version.z.o
LOAD obj/Release/lib/server/version.z.o
LOAD obj/Release/lib/utils/version.z.o
LOAD obj/Release/apps/common/asr/jlkws/jlkws.o
LOAD obj/Release/apps/common/audio_music/audio_config.o
LOAD obj/Release/apps/common/audio_music/usb_audio_api.o
LOAD obj/Release/apps/common/camera/gc0308/gc0308.o
LOAD obj/Release/apps/common/camera/GC1084_DVP/GC1084_DVP.o
LOAD obj/Release/apps/common/camera/GC1084_DVP/GC1084_DVP_ae.o
LOAD obj/Release/apps/common/camera/GC1084_DVP/GC1084_DVP_awb.o
LOAD obj/Release/apps/common/camera/GC1084_DVP/GC1084_DVP_iq.o
LOAD obj/Release/apps/common/camera/gc1084_mipi/gc1084_mipi.o
LOAD obj/Release/apps/common/camera/gc1084_mipi/gc1084_mipi_ae.o
LOAD obj/Release/apps/common/camera/gc1084_mipi/gc1084_mipi_awb.o
LOAD obj/Release/apps/common/camera/gc1084_mipi/gc1084_mipi_iq.o
LOAD obj/Release/apps/common/camera/h63_dvp/h63_dvp.o
LOAD obj/Release/apps/common/camera/h63_dvp/h63_dvp_ae.o
LOAD obj/Release/apps/common/camera/h63_dvp/h63_dvp_awb.o
LOAD obj/Release/apps/common/camera/h63_dvp/h63_dvp_iq.o
LOAD obj/Release/apps/common/camera/h63_mipi/h63_mipi.o
LOAD obj/Release/apps/common/camera/h63_mipi/h63_mipi_ae.o
LOAD obj/Release/apps/common/camera/h63_mipi/h63_mipi_awb.o
LOAD obj/Release/apps/common/camera/h63_mipi/h63_mipi_iq.o
LOAD obj/Release/apps/common/camera/isp_scenes.o
LOAD obj/Release/apps/common/camera/isp_tools.o
LOAD obj/Release/apps/common/camera/N5_DVP/N5_DVP.o
LOAD obj/Release/apps/common/camera/sc1245_dvp/sc1245.o
LOAD obj/Release/apps/common/camera/sc1245_dvp/sc1245_ae.o
LOAD obj/Release/apps/common/camera/sc1245_dvp/sc1245_awb.o
LOAD obj/Release/apps/common/camera/sc1245_dvp/sc1245_iq.o
LOAD obj/Release/apps/common/camera/sc1336_mipi/sc1336_mipi.o
LOAD obj/Release/apps/common/camera/sc1336_mipi/sc1336_mipi_ae.o
LOAD obj/Release/apps/common/camera/sc1336_mipi/sc1336_mipi_awb.o
LOAD obj/Release/apps/common/camera/sc1336_mipi/sc1336_mipi_iq.o
LOAD obj/Release/apps/common/camera/sc1345_mipi/SC1345_mipi.o
LOAD obj/Release/apps/common/camera/sc1345_mipi/SC1345_mipi_ae.o
LOAD obj/Release/apps/common/camera/sc1345_mipi/SC1345_mipi_awb.o
LOAD obj/Release/apps/common/camera/sc1345_mipi/SC1345_mipi_iq.o
LOAD obj/Release/apps/common/camera/sc1346_mipi/SC1346_mipi.o
LOAD obj/Release/apps/common/camera/sc1346_mipi/SC1346_mipi_ae.o
LOAD obj/Release/apps/common/camera/sc1346_mipi/SC1346_mipi_awb.o
LOAD obj/Release/apps/common/camera/sc1346_mipi/SC1346_mipi_iq.o
LOAD obj/Release/apps/common/camera/SP140A_dvp/sp140a_dvp.o
LOAD obj/Release/apps/common/camera/SP140A_dvp/sp140a_dvp_ae.o
LOAD obj/Release/apps/common/camera/SP140A_dvp/sp140a_dvp_awb.o
LOAD obj/Release/apps/common/camera/SP140A_dvp/sp140a_dvp_iq.o
LOAD obj/Release/apps/common/config/log_config/app_config.o
LOAD obj/Release/apps/common/config/log_config/lib_driver_config.o
LOAD obj/Release/apps/common/config/log_config/lib_power_config.o
LOAD obj/Release/apps/common/config/log_config/lib_system_config.o
LOAD obj/Release/apps/common/config/log_config/lib_ui_config.o
LOAD obj/Release/apps/common/config/log_config/lib_update_config.o
LOAD obj/Release/apps/common/config/user_cfg.o
LOAD obj/Release/apps/common/debug/debug.o
LOAD obj/Release/apps/common/debug/debug_user.o
LOAD obj/Release/apps/common/dma2d_gpu/dma2d_common_api.o
LOAD obj/Release/apps/common/dma2d_gpu/filter/dma2d_adapter.o
LOAD obj/Release/apps/common/dma2d_gpu/filter/gpu_adapter.o
LOAD obj/Release/apps/common/example/peripheral/lcd/lcd_driver_test.o
LOAD obj/Release/apps/common/gsensor/da380.o
LOAD obj/Release/apps/common/gsensor/gma301.o
LOAD obj/Release/apps/common/gsensor/gSensor_manage.o
LOAD obj/Release/apps/common/gsensor/msa300.o
LOAD obj/Release/apps/common/gsensor/stk8312.o
LOAD obj/Release/apps/common/iic/iic.o
LOAD obj/Release/apps/common/iic/iic_api.o
LOAD obj/Release/apps/common/iic/software_iic.o
LOAD obj/Release/apps/common/jl_math/flfft_core_pi32v2.o
LOAD obj/Release/apps/common/jl_math/jl_fft.o
LOAD obj/Release/apps/common/jl_math/jl_math.o
LOAD obj/Release/apps/common/jl_math/nn_function_vec.o
LOAD obj/Release/apps/common/key/adkey.o
LOAD obj/Release/apps/common/key/adkey_rtcvdd.o
LOAD obj/Release/apps/common/key/ctmu_touch_key.o
LOAD obj/Release/apps/common/key/iokey.o
LOAD obj/Release/apps/common/key/irkey.o
LOAD obj/Release/apps/common/key/key_driver.o
LOAD obj/Release/apps/common/key/matrix_keyboard.o
LOAD obj/Release/apps/common/key/rdec_key.o
LOAD obj/Release/apps/common/key/slidekey.o
LOAD obj/Release/apps/common/key/tent600_key.o
LOAD obj/Release/apps/common/key/touch_key.o
LOAD obj/Release/apps/common/key/uart_key.o
LOAD obj/Release/apps/common/lcd/lcd_driver/fb_component/fb_combine.o
LOAD obj/Release/apps/common/lcd/lcd_driver/fb_component/fb_lcd.o
LOAD obj/Release/apps/common/lcd/lcd_driver/fb_component/fb_out_dev.o
LOAD obj/Release/apps/common/lcd/lcd_driver/fb_component/fb_rotate.o
LOAD obj/Release/apps/common/lcd/lcd_driver/lcd_driver.o
LOAD obj/Release/apps/common/lcd/lcd_driver/lcd_scenes.o
LOAD obj/Release/apps/common/lcd/lcd_driver/lcd_tools.o
LOAD obj/Release/apps/common/lcd/lcd_driver/mcu_lcd/lcd_mcu_ili9481_320x480.o
LOAD obj/Release/apps/common/lcd/lcd_driver/mcu_lcd/lcd_mcu_ili9488_320x480.o
LOAD obj/Release/apps/common/lcd/lcd_driver/mipi_lcd/lcd_mipi_fl7707_480x1280.o
LOAD obj/Release/apps/common/lcd/lcd_driver/mipi_lcd/lcd_mipi_ili9881c_800x1280.o
LOAD obj/Release/apps/common/lcd/lcd_driver/mipi_lcd/lcd_mipi_jd9165ba_1024x600.o
LOAD obj/Release/apps/common/lcd/lcd_driver/mipi_lcd/lcd_mipi_st7701s_480x640_rotate_90.o
LOAD obj/Release/apps/common/lcd/lcd_driver/mipi_lcd/lcd_mipi_st7701s_480x800.o
LOAD obj/Release/apps/common/lcd/lcd_driver/mipi_lcd/lcd_mipi_st7701s_480x800_rotate_90.o
LOAD obj/Release/apps/common/lcd/lcd_driver/mipi_lcd/lcd_mipi_st7703_720x720.o
LOAD obj/Release/apps/common/lcd/lcd_driver/mipi_lcd/lcd_mipi_st77922_480x480.o
LOAD obj/Release/apps/common/lcd/lcd_driver/rgb_lcd/lcd_rgb_hx8264_800x480.o
LOAD obj/Release/apps/common/lcd/lcd_driver/rgb_lcd/lcd_rgb_ssd2828_720x1280.o
LOAD obj/Release/apps/common/lcd/lcd_driver/rgb_lcd/lcd_rgb_st7701s_480x800.o
LOAD obj/Release/apps/common/lcd/lcd_driver/rgb_lcd/lcd_rgb_xxxx_1280x800.o
LOAD obj/Release/apps/common/lcd/lcd_driver/rgb_lcd/lcd_rgb_xxxx_480x272.o
LOAD obj/Release/apps/common/lcd/lcd_driver/spi_lcd/lcd_spi_gc9307_172x320.o
LOAD obj/Release/apps/common/lcd/lcd_driver/spi_lcd/lcd_spi_gc9307_240x296.o
LOAD obj/Release/apps/common/lcd/lcd_driver/spi_lcd/lcd_spi_nv3006a_142x428.o
LOAD obj/Release/apps/common/lcd/touch_driver/cst3240.o
LOAD obj/Release/apps/common/lcd/touch_driver/cst816d.o
LOAD obj/Release/apps/common/lcd/touch_driver/ft6236.o
LOAD obj/Release/apps/common/lcd/touch_driver/gt1151.o
LOAD obj/Release/apps/common/lcd/touch_driver/gt911.o
LOAD obj/Release/apps/common/lcd/touch_driver/gt9271.o
LOAD obj/Release/apps/common/lcd/touch_driver/tp_driver.o
LOAD obj/Release/apps/common/lvgl_v8/demos/benchmark/assets/img_benchmark_cogwheel_alpha16.o
LOAD obj/Release/apps/common/lvgl_v8/demos/benchmark/assets/img_benchmark_cogwheel_argb.o
LOAD obj/Release/apps/common/lvgl_v8/demos/benchmark/assets/img_benchmark_cogwheel_chroma_keyed.o
LOAD obj/Release/apps/common/lvgl_v8/demos/benchmark/assets/img_benchmark_cogwheel_indexed16.o
LOAD obj/Release/apps/common/lvgl_v8/demos/benchmark/assets/img_benchmark_cogwheel_rgb.o
LOAD obj/Release/apps/common/lvgl_v8/demos/benchmark/assets/img_benchmark_cogwheel_rgb565a8.o
LOAD obj/Release/apps/common/lvgl_v8/demos/benchmark/assets/lv_font_bechmark_montserrat_12_compr_az.c.o
LOAD obj/Release/apps/common/lvgl_v8/demos/benchmark/assets/lv_font_bechmark_montserrat_16_compr_az.c.o
LOAD obj/Release/apps/common/lvgl_v8/demos/benchmark/assets/lv_font_bechmark_montserrat_28_compr_az.c.o
LOAD obj/Release/apps/common/lvgl_v8/demos/benchmark/lv_demo_benchmark.o
LOAD obj/Release/apps/common/lvgl_v8/demos/keypad_encoder/lv_demo_keypad_encoder.o
LOAD obj/Release/apps/common/lvgl_v8/demos/music/assets/img_lv_demo_music_btn_corner_large.o
LOAD obj/Release/apps/common/lvgl_v8/demos/music/assets/img_lv_demo_music_btn_list_pause.o
LOAD obj/Release/apps/common/lvgl_v8/demos/music/assets/img_lv_demo_music_btn_list_pause_large.o
LOAD obj/Release/apps/common/lvgl_v8/demos/music/assets/img_lv_demo_music_btn_list_play.o
LOAD obj/Release/apps/common/lvgl_v8/demos/music/assets/img_lv_demo_music_btn_list_play_large.o
LOAD obj/Release/apps/common/lvgl_v8/demos/music/assets/img_lv_demo_music_btn_loop.o
LOAD obj/Release/apps/common/lvgl_v8/demos/music/assets/img_lv_demo_music_btn_loop_large.o
LOAD obj/Release/apps/common/lvgl_v8/demos/music/assets/img_lv_demo_music_btn_next.o
LOAD obj/Release/apps/common/lvgl_v8/demos/music/assets/img_lv_demo_music_btn_next_large.o
LOAD obj/Release/apps/common/lvgl_v8/demos/music/assets/img_lv_demo_music_btn_pause.o
LOAD obj/Release/apps/common/lvgl_v8/demos/music/assets/img_lv_demo_music_btn_pause_large.o
LOAD obj/Release/apps/common/lvgl_v8/demos/music/assets/img_lv_demo_music_btn_play.o
LOAD obj/Release/apps/common/lvgl_v8/demos/music/assets/img_lv_demo_music_btn_play_large.o
LOAD obj/Release/apps/common/lvgl_v8/demos/music/assets/img_lv_demo_music_btn_prev.o
LOAD obj/Release/apps/common/lvgl_v8/demos/music/assets/img_lv_demo_music_btn_prev_large.o
LOAD obj/Release/apps/common/lvgl_v8/demos/music/assets/img_lv_demo_music_btn_rnd.o
LOAD obj/Release/apps/common/lvgl_v8/demos/music/assets/img_lv_demo_music_btn_rnd_large.o
LOAD obj/Release/apps/common/lvgl_v8/demos/music/assets/img_lv_demo_music_corner_left.o
LOAD obj/Release/apps/common/lvgl_v8/demos/music/assets/img_lv_demo_music_corner_left_large.o
LOAD obj/Release/apps/common/lvgl_v8/demos/music/assets/img_lv_demo_music_corner_right.o
LOAD obj/Release/apps/common/lvgl_v8/demos/music/assets/img_lv_demo_music_corner_right_large.o
LOAD obj/Release/apps/common/lvgl_v8/demos/music/assets/img_lv_demo_music_cover_1.o
LOAD obj/Release/apps/common/lvgl_v8/demos/music/assets/img_lv_demo_music_cover_1_large.o
LOAD obj/Release/apps/common/lvgl_v8/demos/music/assets/img_lv_demo_music_cover_2.o
LOAD obj/Release/apps/common/lvgl_v8/demos/music/assets/img_lv_demo_music_cover_2_large.o
LOAD obj/Release/apps/common/lvgl_v8/demos/music/assets/img_lv_demo_music_cover_3.o
LOAD obj/Release/apps/common/lvgl_v8/demos/music/assets/img_lv_demo_music_cover_3_large.o
LOAD obj/Release/apps/common/lvgl_v8/demos/music/assets/img_lv_demo_music_icon_1.o
LOAD obj/Release/apps/common/lvgl_v8/demos/music/assets/img_lv_demo_music_icon_1_large.o
LOAD obj/Release/apps/common/lvgl_v8/demos/music/assets/img_lv_demo_music_icon_2.o
LOAD obj/Release/apps/common/lvgl_v8/demos/music/assets/img_lv_demo_music_icon_2_large.o
LOAD obj/Release/apps/common/lvgl_v8/demos/music/assets/img_lv_demo_music_icon_3.o
LOAD obj/Release/apps/common/lvgl_v8/demos/music/assets/img_lv_demo_music_icon_3_large.o
LOAD obj/Release/apps/common/lvgl_v8/demos/music/assets/img_lv_demo_music_icon_4.o
LOAD obj/Release/apps/common/lvgl_v8/demos/music/assets/img_lv_demo_music_icon_4_large.o
LOAD obj/Release/apps/common/lvgl_v8/demos/music/assets/img_lv_demo_music_list_border.o
LOAD obj/Release/apps/common/lvgl_v8/demos/music/assets/img_lv_demo_music_list_border_large.o
LOAD obj/Release/apps/common/lvgl_v8/demos/music/assets/img_lv_demo_music_logo.o
LOAD obj/Release/apps/common/lvgl_v8/demos/music/assets/img_lv_demo_music_slider_knob.o
LOAD obj/Release/apps/common/lvgl_v8/demos/music/assets/img_lv_demo_music_slider_knob_large.o
LOAD obj/Release/apps/common/lvgl_v8/demos/music/assets/img_lv_demo_music_wave_bottom.o
LOAD obj/Release/apps/common/lvgl_v8/demos/music/assets/img_lv_demo_music_wave_bottom_large.o
LOAD obj/Release/apps/common/lvgl_v8/demos/music/assets/img_lv_demo_music_wave_top.o
LOAD obj/Release/apps/common/lvgl_v8/demos/music/assets/img_lv_demo_music_wave_top_large.o
LOAD obj/Release/apps/common/lvgl_v8/demos/music/lv_demo_music.o
LOAD obj/Release/apps/common/lvgl_v8/demos/music/lv_demo_music_list.o
LOAD obj/Release/apps/common/lvgl_v8/demos/music/lv_demo_music_main.o
LOAD obj/Release/apps/common/lvgl_v8/demos/stress/lv_demo_stress.o
LOAD obj/Release/apps/common/lvgl_v8/demos/widgets/assets/img_clothes.o
LOAD obj/Release/apps/common/lvgl_v8/demos/widgets/assets/img_demo_widgets_avatar.o
LOAD obj/Release/apps/common/lvgl_v8/demos/widgets/assets/img_lvgl_logo.o
LOAD obj/Release/apps/common/lvgl_v8/demos/widgets/lv_demo_widgets.o
LOAD obj/Release/apps/common/lvgl_v8/examples/anim/lv_example_anim_1.o
LOAD obj/Release/apps/common/lvgl_v8/examples/anim/lv_example_anim_2.o
LOAD obj/Release/apps/common/lvgl_v8/examples/anim/lv_example_anim_3.o
LOAD obj/Release/apps/common/lvgl_v8/examples/anim/lv_example_anim_timeline_1.o
LOAD obj/Release/apps/common/lvgl_v8/examples/assets/animimg001.o
LOAD obj/Release/apps/common/lvgl_v8/examples/assets/animimg002.o
LOAD obj/Release/apps/common/lvgl_v8/examples/assets/animimg003.o
LOAD obj/Release/apps/common/lvgl_v8/examples/assets/emoji/img_emoji_F617.o
LOAD obj/Release/apps/common/lvgl_v8/examples/assets/img_caret_down.o
LOAD obj/Release/apps/common/lvgl_v8/examples/assets/img_cogwheel_alpha16.o
LOAD obj/Release/apps/common/lvgl_v8/examples/assets/img_cogwheel_argb.o
LOAD obj/Release/apps/common/lvgl_v8/examples/assets/img_cogwheel_chroma_keyed.o
LOAD obj/Release/apps/common/lvgl_v8/examples/assets/img_cogwheel_indexed16.o
LOAD obj/Release/apps/common/lvgl_v8/examples/assets/img_cogwheel_rgb.o
LOAD obj/Release/apps/common/lvgl_v8/examples/assets/img_hand.o
LOAD obj/Release/apps/common/lvgl_v8/examples/assets/img_skew_strip.o
LOAD obj/Release/apps/common/lvgl_v8/examples/assets/img_star.o
LOAD obj/Release/apps/common/lvgl_v8/examples/assets/imgbtn_left.o
LOAD obj/Release/apps/common/lvgl_v8/examples/assets/imgbtn_mid.o
LOAD obj/Release/apps/common/lvgl_v8/examples/assets/imgbtn_right.o
LOAD obj/Release/apps/common/lvgl_v8/examples/event/lv_example_event_1.o
LOAD obj/Release/apps/common/lvgl_v8/examples/event/lv_example_event_2.o
LOAD obj/Release/apps/common/lvgl_v8/examples/event/lv_example_event_3.o
LOAD obj/Release/apps/common/lvgl_v8/examples/event/lv_example_event_4.o
LOAD obj/Release/apps/common/lvgl_v8/examples/get_started/lv_example_get_started_1.o
LOAD obj/Release/apps/common/lvgl_v8/examples/get_started/lv_example_get_started_2.o
LOAD obj/Release/apps/common/lvgl_v8/examples/get_started/lv_example_get_started_3.o
LOAD obj/Release/apps/common/lvgl_v8/examples/layouts/flex/lv_example_flex_1.o
LOAD obj/Release/apps/common/lvgl_v8/examples/layouts/flex/lv_example_flex_2.o
LOAD obj/Release/apps/common/lvgl_v8/examples/layouts/flex/lv_example_flex_3.o
LOAD obj/Release/apps/common/lvgl_v8/examples/layouts/flex/lv_example_flex_4.o
LOAD obj/Release/apps/common/lvgl_v8/examples/layouts/flex/lv_example_flex_5.o
LOAD obj/Release/apps/common/lvgl_v8/examples/layouts/flex/lv_example_flex_6.o
LOAD obj/Release/apps/common/lvgl_v8/examples/layouts/grid/lv_example_grid_1.o
LOAD obj/Release/apps/common/lvgl_v8/examples/layouts/grid/lv_example_grid_2.o
LOAD obj/Release/apps/common/lvgl_v8/examples/layouts/grid/lv_example_grid_3.o
LOAD obj/Release/apps/common/lvgl_v8/examples/layouts/grid/lv_example_grid_4.o
LOAD obj/Release/apps/common/lvgl_v8/examples/layouts/grid/lv_example_grid_5.o
LOAD obj/Release/apps/common/lvgl_v8/examples/layouts/grid/lv_example_grid_6.o
LOAD obj/Release/apps/common/lvgl_v8/examples/libs/bmp/lv_example_bmp_1.o
LOAD obj/Release/apps/common/lvgl_v8/examples/libs/ffmpeg/lv_example_ffmpeg_1.o
LOAD obj/Release/apps/common/lvgl_v8/examples/libs/ffmpeg/lv_example_ffmpeg_2.o
LOAD obj/Release/apps/common/lvgl_v8/examples/libs/freetype/lv_example_freetype_1.o
LOAD obj/Release/apps/common/lvgl_v8/examples/libs/gif/img_bulb_gif.o
LOAD obj/Release/apps/common/lvgl_v8/examples/libs/gif/lv_example_gif_1.o
LOAD obj/Release/apps/common/lvgl_v8/examples/libs/png/img_wink_png.o
LOAD obj/Release/apps/common/lvgl_v8/examples/libs/png/lv_example_png_1.o
LOAD obj/Release/apps/common/lvgl_v8/examples/libs/qrcode/lv_example_qrcode_1.o
LOAD obj/Release/apps/common/lvgl_v8/examples/libs/rlottie/lv_example_rlottie_1.o
LOAD obj/Release/apps/common/lvgl_v8/examples/libs/rlottie/lv_example_rlottie_2.o
LOAD obj/Release/apps/common/lvgl_v8/examples/libs/rlottie/lv_example_rlottie_approve.o
LOAD obj/Release/apps/common/lvgl_v8/examples/libs/sjpg/lv_example_sjpg_1.o
LOAD obj/Release/apps/common/lvgl_v8/examples/libs/tiny_ttf/lv_example_tiny_ttf_1.o
LOAD obj/Release/apps/common/lvgl_v8/examples/libs/tiny_ttf/lv_example_tiny_ttf_2.o
LOAD obj/Release/apps/common/lvgl_v8/examples/libs/tiny_ttf/lv_example_tiny_ttf_3.o
LOAD obj/Release/apps/common/lvgl_v8/examples/libs/tiny_ttf/lv_example_tiny_ttf_4.o
LOAD obj/Release/apps/common/lvgl_v8/examples/libs/tiny_ttf/ubuntu_font.o
LOAD obj/Release/apps/common/lvgl_v8/examples/lv_example.o
LOAD obj/Release/apps/common/lvgl_v8/examples/others/fragment/lv_example_fragment_1.o
LOAD obj/Release/apps/common/lvgl_v8/examples/others/fragment/lv_example_fragment_2.o
LOAD obj/Release/apps/common/lvgl_v8/examples/others/gridnav/lv_example_gridnav_1.o
LOAD obj/Release/apps/common/lvgl_v8/examples/others/gridnav/lv_example_gridnav_2.o
LOAD obj/Release/apps/common/lvgl_v8/examples/others/gridnav/lv_example_gridnav_3.o
LOAD obj/Release/apps/common/lvgl_v8/examples/others/gridnav/lv_example_gridnav_4.o
LOAD obj/Release/apps/common/lvgl_v8/examples/others/ime/lv_example_ime_pinyin_1.o
LOAD obj/Release/apps/common/lvgl_v8/examples/others/ime/lv_example_ime_pinyin_2.o
LOAD obj/Release/apps/common/lvgl_v8/examples/others/imgfont/lv_example_imgfont_1.o
LOAD obj/Release/apps/common/lvgl_v8/examples/others/monkey/lv_example_monkey_1.o
LOAD obj/Release/apps/common/lvgl_v8/examples/others/monkey/lv_example_monkey_2.o
LOAD obj/Release/apps/common/lvgl_v8/examples/others/monkey/lv_example_monkey_3.o
LOAD obj/Release/apps/common/lvgl_v8/examples/others/msg/lv_example_msg_1.o
LOAD obj/Release/apps/common/lvgl_v8/examples/others/msg/lv_example_msg_2.o
LOAD obj/Release/apps/common/lvgl_v8/examples/others/msg/lv_example_msg_3.o
LOAD obj/Release/apps/common/lvgl_v8/examples/others/snapshot/lv_example_snapshot_1.o
LOAD obj/Release/apps/common/lvgl_v8/examples/porting/lv_jl_profiler.o
LOAD obj/Release/apps/common/lvgl_v8/examples/porting/lv_port_disp.o
LOAD obj/Release/apps/common/lvgl_v8/examples/porting/lv_port_fs.o
LOAD obj/Release/apps/common/lvgl_v8/examples/porting/lv_port_indev.o
LOAD obj/Release/apps/common/lvgl_v8/examples/scroll/lv_example_scroll_1.o
LOAD obj/Release/apps/common/lvgl_v8/examples/scroll/lv_example_scroll_2.o
LOAD obj/Release/apps/common/lvgl_v8/examples/scroll/lv_example_scroll_3.o
LOAD obj/Release/apps/common/lvgl_v8/examples/scroll/lv_example_scroll_4.o
LOAD obj/Release/apps/common/lvgl_v8/examples/scroll/lv_example_scroll_5.o
LOAD obj/Release/apps/common/lvgl_v8/examples/scroll/lv_example_scroll_6.o
LOAD obj/Release/apps/common/lvgl_v8/examples/styles/lv_example_style_1.o
LOAD obj/Release/apps/common/lvgl_v8/examples/styles/lv_example_style_10.o
LOAD obj/Release/apps/common/lvgl_v8/examples/styles/lv_example_style_11.o
LOAD obj/Release/apps/common/lvgl_v8/examples/styles/lv_example_style_12.o
LOAD obj/Release/apps/common/lvgl_v8/examples/styles/lv_example_style_13.o
LOAD obj/Release/apps/common/lvgl_v8/examples/styles/lv_example_style_14.o
LOAD obj/Release/apps/common/lvgl_v8/examples/styles/lv_example_style_15.o
LOAD obj/Release/apps/common/lvgl_v8/examples/styles/lv_example_style_2.o
LOAD obj/Release/apps/common/lvgl_v8/examples/styles/lv_example_style_3.o
LOAD obj/Release/apps/common/lvgl_v8/examples/styles/lv_example_style_4.o
LOAD obj/Release/apps/common/lvgl_v8/examples/styles/lv_example_style_5.o
LOAD obj/Release/apps/common/lvgl_v8/examples/styles/lv_example_style_6.o
LOAD obj/Release/apps/common/lvgl_v8/examples/styles/lv_example_style_7.o
LOAD obj/Release/apps/common/lvgl_v8/examples/styles/lv_example_style_8.o
LOAD obj/Release/apps/common/lvgl_v8/examples/styles/lv_example_style_9.o
LOAD obj/Release/apps/common/lvgl_v8/examples/widgets/animimg/lv_example_animimg_1.o
LOAD obj/Release/apps/common/lvgl_v8/examples/widgets/arc/lv_example_arc_1.o
LOAD obj/Release/apps/common/lvgl_v8/examples/widgets/arc/lv_example_arc_2.o
LOAD obj/Release/apps/common/lvgl_v8/examples/widgets/bar/lv_example_bar_1.o
LOAD obj/Release/apps/common/lvgl_v8/examples/widgets/bar/lv_example_bar_2.o
LOAD obj/Release/apps/common/lvgl_v8/examples/widgets/bar/lv_example_bar_3.o
LOAD obj/Release/apps/common/lvgl_v8/examples/widgets/bar/lv_example_bar_4.o
LOAD obj/Release/apps/common/lvgl_v8/examples/widgets/bar/lv_example_bar_5.o
LOAD obj/Release/apps/common/lvgl_v8/examples/widgets/bar/lv_example_bar_6.o
LOAD obj/Release/apps/common/lvgl_v8/examples/widgets/btn/lv_example_btn_1.o
LOAD obj/Release/apps/common/lvgl_v8/examples/widgets/btn/lv_example_btn_2.o
LOAD obj/Release/apps/common/lvgl_v8/examples/widgets/btn/lv_example_btn_3.o
LOAD obj/Release/apps/common/lvgl_v8/examples/widgets/btnmatrix/lv_example_btnmatrix_1.o
LOAD obj/Release/apps/common/lvgl_v8/examples/widgets/btnmatrix/lv_example_btnmatrix_2.o
LOAD obj/Release/apps/common/lvgl_v8/examples/widgets/btnmatrix/lv_example_btnmatrix_3.o
LOAD obj/Release/apps/common/lvgl_v8/examples/widgets/calendar/lv_example_calendar_1.o
LOAD obj/Release/apps/common/lvgl_v8/examples/widgets/canvas/lv_example_canvas_1.o
LOAD obj/Release/apps/common/lvgl_v8/examples/widgets/canvas/lv_example_canvas_2.o
LOAD obj/Release/apps/common/lvgl_v8/examples/widgets/chart/lv_example_chart_1.o
LOAD obj/Release/apps/common/lvgl_v8/examples/widgets/chart/lv_example_chart_2.o
LOAD obj/Release/apps/common/lvgl_v8/examples/widgets/chart/lv_example_chart_3.o
LOAD obj/Release/apps/common/lvgl_v8/examples/widgets/chart/lv_example_chart_4.o
LOAD obj/Release/apps/common/lvgl_v8/examples/widgets/chart/lv_example_chart_5.o
LOAD obj/Release/apps/common/lvgl_v8/examples/widgets/chart/lv_example_chart_6.o
LOAD obj/Release/apps/common/lvgl_v8/examples/widgets/chart/lv_example_chart_7.o
LOAD obj/Release/apps/common/lvgl_v8/examples/widgets/chart/lv_example_chart_8.o
LOAD obj/Release/apps/common/lvgl_v8/examples/widgets/chart/lv_example_chart_9.o
LOAD obj/Release/apps/common/lvgl_v8/examples/widgets/checkbox/lv_example_checkbox_1.o
LOAD obj/Release/apps/common/lvgl_v8/examples/widgets/checkbox/lv_example_checkbox_2.o
LOAD obj/Release/apps/common/lvgl_v8/examples/widgets/colorwheel/lv_example_colorwheel_1.o
LOAD obj/Release/apps/common/lvgl_v8/examples/widgets/dropdown/lv_example_dropdown_1.o
LOAD obj/Release/apps/common/lvgl_v8/examples/widgets/dropdown/lv_example_dropdown_2.o
LOAD obj/Release/apps/common/lvgl_v8/examples/widgets/dropdown/lv_example_dropdown_3.o
LOAD obj/Release/apps/common/lvgl_v8/examples/widgets/img/lv_example_img_1.o
LOAD obj/Release/apps/common/lvgl_v8/examples/widgets/img/lv_example_img_2.o
LOAD obj/Release/apps/common/lvgl_v8/examples/widgets/img/lv_example_img_3.o
LOAD obj/Release/apps/common/lvgl_v8/examples/widgets/img/lv_example_img_4.o
LOAD obj/Release/apps/common/lvgl_v8/examples/widgets/imgbtn/lv_example_imgbtn_1.o
LOAD obj/Release/apps/common/lvgl_v8/examples/widgets/keyboard/lv_example_keyboard_1.o
LOAD obj/Release/apps/common/lvgl_v8/examples/widgets/label/lv_example_label_1.o
LOAD obj/Release/apps/common/lvgl_v8/examples/widgets/label/lv_example_label_2.o
LOAD obj/Release/apps/common/lvgl_v8/examples/widgets/label/lv_example_label_3.o
LOAD obj/Release/apps/common/lvgl_v8/examples/widgets/label/lv_example_label_4.o
LOAD obj/Release/apps/common/lvgl_v8/examples/widgets/label/lv_example_label_5.o
LOAD obj/Release/apps/common/lvgl_v8/examples/widgets/led/lv_example_led_1.o
LOAD obj/Release/apps/common/lvgl_v8/examples/widgets/line/lv_example_line_1.o
LOAD obj/Release/apps/common/lvgl_v8/examples/widgets/list/lv_example_list_1.o
LOAD obj/Release/apps/common/lvgl_v8/examples/widgets/list/lv_example_list_2.o
LOAD obj/Release/apps/common/lvgl_v8/examples/widgets/lyrics/lv_example_lyrics_1.o
LOAD obj/Release/apps/common/lvgl_v8/examples/widgets/lyrics/lv_example_lyrics_2.o
LOAD obj/Release/apps/common/lvgl_v8/examples/widgets/lyrics/lv_example_lyrics_3.o
LOAD obj/Release/apps/common/lvgl_v8/examples/widgets/menu/lv_example_menu_1.o
LOAD obj/Release/apps/common/lvgl_v8/examples/widgets/menu/lv_example_menu_2.o
LOAD obj/Release/apps/common/lvgl_v8/examples/widgets/menu/lv_example_menu_3.o
LOAD obj/Release/apps/common/lvgl_v8/examples/widgets/menu/lv_example_menu_4.o
LOAD obj/Release/apps/common/lvgl_v8/examples/widgets/menu/lv_example_menu_5.o
LOAD obj/Release/apps/common/lvgl_v8/examples/widgets/meter/lv_example_meter_1.o
LOAD obj/Release/apps/common/lvgl_v8/examples/widgets/meter/lv_example_meter_2.o
LOAD obj/Release/apps/common/lvgl_v8/examples/widgets/meter/lv_example_meter_3.o
LOAD obj/Release/apps/common/lvgl_v8/examples/widgets/meter/lv_example_meter_4.o
LOAD obj/Release/apps/common/lvgl_v8/examples/widgets/msgbox/lv_example_msgbox_1.o
LOAD obj/Release/apps/common/lvgl_v8/examples/widgets/obj2p5d/lv_example_font2p5d_1.o
LOAD obj/Release/apps/common/lvgl_v8/examples/widgets/obj2p5d/lv_example_img2p5d_1.o
LOAD obj/Release/apps/common/lvgl_v8/examples/widgets/obj/lv_example_obj_1.o
LOAD obj/Release/apps/common/lvgl_v8/examples/widgets/obj/lv_example_obj_2.o
LOAD obj/Release/apps/common/lvgl_v8/examples/widgets/roller/lv_example_roller_1.o
LOAD obj/Release/apps/common/lvgl_v8/examples/widgets/roller/lv_example_roller_2.o
LOAD obj/Release/apps/common/lvgl_v8/examples/widgets/roller/lv_example_roller_3.o
LOAD obj/Release/apps/common/lvgl_v8/examples/widgets/slider/lv_example_slider_1.o
LOAD obj/Release/apps/common/lvgl_v8/examples/widgets/slider/lv_example_slider_2.o
LOAD obj/Release/apps/common/lvgl_v8/examples/widgets/slider/lv_example_slider_3.o
LOAD obj/Release/apps/common/lvgl_v8/examples/widgets/span/lv_example_span_1.o
LOAD obj/Release/apps/common/lvgl_v8/examples/widgets/spinbox/lv_example_spinbox_1.o
LOAD obj/Release/apps/common/lvgl_v8/examples/widgets/spinner/lv_example_spinner_1.o
LOAD obj/Release/apps/common/lvgl_v8/examples/widgets/switch/lv_example_switch_1.o
LOAD obj/Release/apps/common/lvgl_v8/examples/widgets/table/lv_example_table_1.o
LOAD obj/Release/apps/common/lvgl_v8/examples/widgets/table/lv_example_table_2.o
LOAD obj/Release/apps/common/lvgl_v8/examples/widgets/tabview/lv_example_tabview_1.o
LOAD obj/Release/apps/common/lvgl_v8/examples/widgets/tabview/lv_example_tabview_2.o
LOAD obj/Release/apps/common/lvgl_v8/examples/widgets/textarea/lv_example_textarea_1.o
LOAD obj/Release/apps/common/lvgl_v8/examples/widgets/textarea/lv_example_textarea_2.o
LOAD obj/Release/apps/common/lvgl_v8/examples/widgets/textarea/lv_example_textarea_3.o
LOAD obj/Release/apps/common/lvgl_v8/examples/widgets/tileview/lv_example_tileview_1.o
LOAD obj/Release/apps/common/lvgl_v8/examples/widgets/win/lv_example_win_1.o
LOAD obj/Release/apps/common/lvgl_v8/lvgl_main.o
LOAD obj/Release/apps/common/lvgl_v8/src/core/lv_disp.o
LOAD obj/Release/apps/common/lvgl_v8/src/core/lv_event.o
LOAD obj/Release/apps/common/lvgl_v8/src/core/lv_group.o
LOAD obj/Release/apps/common/lvgl_v8/src/core/lv_indev.o
LOAD obj/Release/apps/common/lvgl_v8/src/core/lv_indev_scroll.o
LOAD obj/Release/apps/common/lvgl_v8/src/core/lv_obj.o
LOAD obj/Release/apps/common/lvgl_v8/src/core/lv_obj_class.o
LOAD obj/Release/apps/common/lvgl_v8/src/core/lv_obj_draw.o
LOAD obj/Release/apps/common/lvgl_v8/src/core/lv_obj_pos.o
LOAD obj/Release/apps/common/lvgl_v8/src/core/lv_obj_scroll.o
LOAD obj/Release/apps/common/lvgl_v8/src/core/lv_obj_style.o
LOAD obj/Release/apps/common/lvgl_v8/src/core/lv_obj_style_gen.o
LOAD obj/Release/apps/common/lvgl_v8/src/core/lv_obj_tree.o
LOAD obj/Release/apps/common/lvgl_v8/src/core/lv_refr.o
LOAD obj/Release/apps/common/lvgl_v8/src/core/lv_theme.o
LOAD obj/Release/apps/common/lvgl_v8/src/draw/jl/jl_dma2d/lv_gpu_jl_dma2d.o
LOAD obj/Release/apps/common/lvgl_v8/src/draw/jl/jl_gpu2p5d/lv_gpu_jl_gpu2p5d.o
LOAD obj/Release/apps/common/lvgl_v8/src/draw/jl/jl_gpu2p5d/lv_gpu_jl_gpu2p5d_arc.o
LOAD obj/Release/apps/common/lvgl_v8/src/draw/jl/jl_gpu2p5d/lv_gpu_jl_gpu2p5d_comm.o
LOAD obj/Release/apps/common/lvgl_v8/src/draw/jl/jl_gpu2p5d/lv_gpu_jl_gpu2p5d_img.o
LOAD obj/Release/apps/common/lvgl_v8/src/draw/jl/jl_gpu2p5d/lv_gpu_jl_gpu2p5d_letter.o
LOAD obj/Release/apps/common/lvgl_v8/src/draw/jl/jl_gpu2p5d/lv_gpu_jl_gpu2p5d_line.o
LOAD obj/Release/apps/common/lvgl_v8/src/draw/jl/jl_gpu2p5d/lv_gpu_jl_gpu2p5d_polygon.o
LOAD obj/Release/apps/common/lvgl_v8/src/draw/jl/jl_gpu2p5d/lv_gpu_jl_gpu2p5d_rect.o
LOAD obj/Release/apps/common/lvgl_v8/src/draw/jl/lv_gpu_jl.o
LOAD obj/Release/apps/common/lvgl_v8/src/draw/lv_draw.o
LOAD obj/Release/apps/common/lvgl_v8/src/draw/lv_draw_arc.o
LOAD obj/Release/apps/common/lvgl_v8/src/draw/lv_draw_img.o
LOAD obj/Release/apps/common/lvgl_v8/src/draw/lv_draw_label.o
LOAD obj/Release/apps/common/lvgl_v8/src/draw/lv_draw_layer.o
LOAD obj/Release/apps/common/lvgl_v8/src/draw/lv_draw_line.o
LOAD obj/Release/apps/common/lvgl_v8/src/draw/lv_draw_mask.o
LOAD obj/Release/apps/common/lvgl_v8/src/draw/lv_draw_rect.o
LOAD obj/Release/apps/common/lvgl_v8/src/draw/lv_draw_transform.o
LOAD obj/Release/apps/common/lvgl_v8/src/draw/lv_draw_triangle.o
LOAD obj/Release/apps/common/lvgl_v8/src/draw/lv_img_buf.o
LOAD obj/Release/apps/common/lvgl_v8/src/draw/lv_img_cache.o
LOAD obj/Release/apps/common/lvgl_v8/src/draw/lv_img_decoder.o
LOAD obj/Release/apps/common/lvgl_v8/src/draw/sw/lv_draw_sw.o
LOAD obj/Release/apps/common/lvgl_v8/src/draw/sw/lv_draw_sw_arc.o
LOAD obj/Release/apps/common/lvgl_v8/src/draw/sw/lv_draw_sw_blend.o
LOAD obj/Release/apps/common/lvgl_v8/src/draw/sw/lv_draw_sw_dither.o
LOAD obj/Release/apps/common/lvgl_v8/src/draw/sw/lv_draw_sw_gradient.o
LOAD obj/Release/apps/common/lvgl_v8/src/draw/sw/lv_draw_sw_img.o
LOAD obj/Release/apps/common/lvgl_v8/src/draw/sw/lv_draw_sw_layer.o
LOAD obj/Release/apps/common/lvgl_v8/src/draw/sw/lv_draw_sw_letter.o
LOAD obj/Release/apps/common/lvgl_v8/src/draw/sw/lv_draw_sw_line.o
LOAD obj/Release/apps/common/lvgl_v8/src/draw/sw/lv_draw_sw_polygon.o
LOAD obj/Release/apps/common/lvgl_v8/src/draw/sw/lv_draw_sw_rect.o
LOAD obj/Release/apps/common/lvgl_v8/src/draw/sw/lv_draw_sw_transform.o
LOAD obj/Release/apps/common/lvgl_v8/src/extra/jl_extra/lv_jl_extra.o
LOAD obj/Release/apps/common/lvgl_v8/src/extra/layouts/flex/lv_flex.o
LOAD obj/Release/apps/common/lvgl_v8/src/extra/layouts/grid/lv_grid.o
LOAD obj/Release/apps/common/lvgl_v8/src/extra/libs/bmp/lv_bmp.o
LOAD obj/Release/apps/common/lvgl_v8/src/extra/libs/ffmpeg/lv_ffmpeg.o
LOAD obj/Release/apps/common/lvgl_v8/src/extra/libs/freetype/lv_freetype.o
LOAD obj/Release/apps/common/lvgl_v8/src/extra/libs/fsdrv/lv_fs_fatfs.o
LOAD obj/Release/apps/common/lvgl_v8/src/extra/libs/fsdrv/lv_fs_littlefs.o
LOAD obj/Release/apps/common/lvgl_v8/src/extra/libs/fsdrv/lv_fs_posix.o
LOAD obj/Release/apps/common/lvgl_v8/src/extra/libs/fsdrv/lv_fs_stdio.o
LOAD obj/Release/apps/common/lvgl_v8/src/extra/libs/fsdrv/lv_fs_win32.o
LOAD obj/Release/apps/common/lvgl_v8/src/extra/libs/gif/gifdec.o
LOAD obj/Release/apps/common/lvgl_v8/src/extra/libs/gif/lv_gif.o
LOAD obj/Release/apps/common/lvgl_v8/src/extra/libs/png/lodepng.o
LOAD obj/Release/apps/common/lvgl_v8/src/extra/libs/png/lv_png.o
LOAD obj/Release/apps/common/lvgl_v8/src/extra/libs/qrcode/lv_qrcode.o
LOAD obj/Release/apps/common/lvgl_v8/src/extra/libs/qrcode/qrcodegen.o
LOAD obj/Release/apps/common/lvgl_v8/src/extra/libs/rlottie/lv_rlottie.o
LOAD obj/Release/apps/common/lvgl_v8/src/extra/libs/rlottie/lv_rlottie_example_fingerprint.o
LOAD obj/Release/apps/common/lvgl_v8/src/extra/libs/sjpg/lv_sjpg.o
LOAD obj/Release/apps/common/lvgl_v8/src/extra/libs/sjpg/tjpgd.o
LOAD obj/Release/apps/common/lvgl_v8/src/extra/libs/tiny_ttf/lv_tiny_ttf.o
LOAD obj/Release/apps/common/lvgl_v8/src/extra/lv_extra.o
LOAD obj/Release/apps/common/lvgl_v8/src/extra/others/fragment/lv_fragment.o
LOAD obj/Release/apps/common/lvgl_v8/src/extra/others/fragment/lv_fragment_manager.o
LOAD obj/Release/apps/common/lvgl_v8/src/extra/others/gridnav/lv_gridnav.o
LOAD obj/Release/apps/common/lvgl_v8/src/extra/others/imgfont/lv_imgfont.o
LOAD obj/Release/apps/common/lvgl_v8/src/extra/others/monkey/lv_monkey.o
LOAD obj/Release/apps/common/lvgl_v8/src/extra/others/msg/lv_msg.o
LOAD obj/Release/apps/common/lvgl_v8/src/extra/others/observer/lv_observer.o
LOAD obj/Release/apps/common/lvgl_v8/src/extra/others/snapshot/lv_snapshot.o
LOAD obj/Release/apps/common/lvgl_v8/src/extra/themes/basic/lv_theme_basic.o
LOAD obj/Release/apps/common/lvgl_v8/src/extra/themes/default/lv_theme_default.o
LOAD obj/Release/apps/common/lvgl_v8/src/extra/themes/mono/lv_theme_mono.o
LOAD obj/Release/apps/common/lvgl_v8/src/extra/widgets/animimg/lv_animimg.o
LOAD obj/Release/apps/common/lvgl_v8/src/extra/widgets/calendar/lv_calendar.o
LOAD obj/Release/apps/common/lvgl_v8/src/extra/widgets/calendar/lv_calendar_header_arrow.o
LOAD obj/Release/apps/common/lvgl_v8/src/extra/widgets/calendar/lv_calendar_header_dropdown.o
LOAD obj/Release/apps/common/lvgl_v8/src/extra/widgets/chart/lv_chart.o
LOAD obj/Release/apps/common/lvgl_v8/src/extra/widgets/colorwheel/lv_colorwheel.o
LOAD obj/Release/apps/common/lvgl_v8/src/extra/widgets/imgbtn/lv_imgbtn.o
LOAD obj/Release/apps/common/lvgl_v8/src/extra/widgets/led/lv_led.o
LOAD obj/Release/apps/common/lvgl_v8/src/extra/widgets/list/lv_list.o
LOAD obj/Release/apps/common/lvgl_v8/src/extra/widgets/menu/lv_menu.o
LOAD obj/Release/apps/common/lvgl_v8/src/extra/widgets/meter/lv_meter.o
LOAD obj/Release/apps/common/lvgl_v8/src/extra/widgets/msgbox/lv_msgbox.o
LOAD obj/Release/apps/common/lvgl_v8/src/extra/widgets/span/lv_span.o
LOAD obj/Release/apps/common/lvgl_v8/src/extra/widgets/spinbox/lv_spinbox.o
LOAD obj/Release/apps/common/lvgl_v8/src/extra/widgets/spinner/lv_spinner.o
LOAD obj/Release/apps/common/lvgl_v8/src/extra/widgets/tabview/lv_tabview.o
LOAD obj/Release/apps/common/lvgl_v8/src/extra/widgets/tileview/lv_tileview.o
LOAD obj/Release/apps/common/lvgl_v8/src/extra/widgets/win/lv_win.o
LOAD obj/Release/apps/common/lvgl_v8/src/font/lv_font.o
LOAD obj/Release/apps/common/lvgl_v8/src/font/lv_font_dejavu_16_persian_hebrew.o
LOAD obj/Release/apps/common/lvgl_v8/src/font/lv_font_fmt_txt.o
LOAD obj/Release/apps/common/lvgl_v8/src/font/lv_font_loader.o
LOAD obj/Release/apps/common/lvgl_v8/src/font/lv_font_montserrat_10.o
LOAD obj/Release/apps/common/lvgl_v8/src/font/lv_font_montserrat_12.o
LOAD obj/Release/apps/common/lvgl_v8/src/font/lv_font_montserrat_12_subpx.o
LOAD obj/Release/apps/common/lvgl_v8/src/font/lv_font_montserrat_14.o
LOAD obj/Release/apps/common/lvgl_v8/src/font/lv_font_montserrat_16.o
LOAD obj/Release/apps/common/lvgl_v8/src/font/lv_font_montserrat_18.o
LOAD obj/Release/apps/common/lvgl_v8/src/font/lv_font_montserrat_20.o
LOAD obj/Release/apps/common/lvgl_v8/src/font/lv_font_montserrat_22.o
LOAD obj/Release/apps/common/lvgl_v8/src/font/lv_font_montserrat_24.o
LOAD obj/Release/apps/common/lvgl_v8/src/font/lv_font_montserrat_26.o
LOAD obj/Release/apps/common/lvgl_v8/src/font/lv_font_montserrat_28.o
LOAD obj/Release/apps/common/lvgl_v8/src/font/lv_font_montserrat_28_compressed.o
LOAD obj/Release/apps/common/lvgl_v8/src/font/lv_font_montserrat_30.o
LOAD obj/Release/apps/common/lvgl_v8/src/font/lv_font_montserrat_32.o
LOAD obj/Release/apps/common/lvgl_v8/src/font/lv_font_montserrat_34.o
LOAD obj/Release/apps/common/lvgl_v8/src/font/lv_font_montserrat_36.o
LOAD obj/Release/apps/common/lvgl_v8/src/font/lv_font_montserrat_38.o
LOAD obj/Release/apps/common/lvgl_v8/src/font/lv_font_montserrat_40.o
LOAD obj/Release/apps/common/lvgl_v8/src/font/lv_font_montserrat_42.o
LOAD obj/Release/apps/common/lvgl_v8/src/font/lv_font_montserrat_44.o
LOAD obj/Release/apps/common/lvgl_v8/src/font/lv_font_montserrat_46.o
LOAD obj/Release/apps/common/lvgl_v8/src/font/lv_font_montserrat_48.o
LOAD obj/Release/apps/common/lvgl_v8/src/font/lv_font_montserrat_8.o
LOAD obj/Release/apps/common/lvgl_v8/src/font/lv_font_simsun_16_cjk.o
LOAD obj/Release/apps/common/lvgl_v8/src/font/lv_font_unscii_16.o
LOAD obj/Release/apps/common/lvgl_v8/src/font/lv_font_unscii_8.o
LOAD obj/Release/apps/common/lvgl_v8/src/hal/lv_hal_disp.o
LOAD obj/Release/apps/common/lvgl_v8/src/hal/lv_hal_indev.o
LOAD obj/Release/apps/common/lvgl_v8/src/hal/lv_hal_tick.o
LOAD obj/Release/apps/common/lvgl_v8/src/misc/lv_anim.o
LOAD obj/Release/apps/common/lvgl_v8/src/misc/lv_anim_timeline.o
LOAD obj/Release/apps/common/lvgl_v8/src/misc/lv_area.o
LOAD obj/Release/apps/common/lvgl_v8/src/misc/lv_async.o
LOAD obj/Release/apps/common/lvgl_v8/src/misc/lv_bidi.o
LOAD obj/Release/apps/common/lvgl_v8/src/misc/lv_color.o
LOAD obj/Release/apps/common/lvgl_v8/src/misc/lv_fs.o
LOAD obj/Release/apps/common/lvgl_v8/src/misc/lv_gc.o
LOAD obj/Release/apps/common/lvgl_v8/src/misc/lv_ll.o
LOAD obj/Release/apps/common/lvgl_v8/src/misc/lv_log.o
LOAD obj/Release/apps/common/lvgl_v8/src/misc/lv_lru.o
LOAD obj/Release/apps/common/lvgl_v8/src/misc/lv_math.o
LOAD obj/Release/apps/common/lvgl_v8/src/misc/lv_mem.o
LOAD obj/Release/apps/common/lvgl_v8/src/misc/lv_printf.o
LOAD obj/Release/apps/common/lvgl_v8/src/misc/lv_profiler_builtin.o
LOAD obj/Release/apps/common/lvgl_v8/src/misc/lv_style.o
LOAD obj/Release/apps/common/lvgl_v8/src/misc/lv_style_gen.o
LOAD obj/Release/apps/common/lvgl_v8/src/misc/lv_templ.o
LOAD obj/Release/apps/common/lvgl_v8/src/misc/lv_timer.o
LOAD obj/Release/apps/common/lvgl_v8/src/misc/lv_tlsf.o
LOAD obj/Release/apps/common/lvgl_v8/src/misc/lv_txt.o
LOAD obj/Release/apps/common/lvgl_v8/src/misc/lv_txt_ap.o
LOAD obj/Release/apps/common/lvgl_v8/src/misc/lv_utils.o
LOAD obj/Release/apps/common/lvgl_v8/src/widgets/lv_arc.o
LOAD obj/Release/apps/common/lvgl_v8/src/widgets/lv_bar.o
LOAD obj/Release/apps/common/lvgl_v8/src/widgets/lv_btn.o
LOAD obj/Release/apps/common/lvgl_v8/src/widgets/lv_btnmatrix.o
LOAD obj/Release/apps/common/lvgl_v8/src/widgets/lv_canvas.o
LOAD obj/Release/apps/common/lvgl_v8/src/widgets/lv_checkbox.o
LOAD obj/Release/apps/common/lvgl_v8/src/widgets/lv_dropdown.o
LOAD obj/Release/apps/common/lvgl_v8/src/widgets/lv_img.o
LOAD obj/Release/apps/common/lvgl_v8/src/widgets/lv_keyboard.o
LOAD obj/Release/apps/common/lvgl_v8/src/widgets/lv_label.o
LOAD obj/Release/apps/common/lvgl_v8/src/widgets/lv_line.o
LOAD obj/Release/apps/common/lvgl_v8/src/widgets/lv_objx_templ.o
LOAD obj/Release/apps/common/lvgl_v8/src/widgets/lv_roller.o
LOAD obj/Release/apps/common/lvgl_v8/src/widgets/lv_slider.o
LOAD obj/Release/apps/common/lvgl_v8/src/widgets/lv_switch.o
LOAD obj/Release/apps/common/lvgl_v8/src/widgets/lv_table.o
LOAD obj/Release/apps/common/lvgl_v8/src/widgets/lv_textarea.o
LOAD obj/Release/apps/common/net/assign_macaddr.o
LOAD obj/Release/apps/common/net/config_network.o
LOAD obj/Release/apps/common/net/iperf_test.o
LOAD obj/Release/apps/common/net/platform_cfg.o
LOAD obj/Release/apps/common/net/testbox/client.o
LOAD obj/Release/apps/common/net/testbox/fsm.o
LOAD obj/Release/apps/common/net/testbox/wbcp.o
LOAD obj/Release/apps/common/net/voiceprint_cfg.o
LOAD obj/Release/apps/common/net/wifi_conf.o
LOAD obj/Release/apps/common/product_test_tool/communication.o
LOAD obj/Release/apps/common/product_test_tool/devices_control.o
LOAD obj/Release/apps/common/product_test_tool/product_main.o
LOAD obj/Release/apps/common/product_test_tool/product_net.o
LOAD obj/Release/apps/common/product_test_tool/product_port.o
LOAD obj/Release/apps/common/rf_fcc_tool/bt.o
LOAD obj/Release/apps/common/rf_fcc_tool/rf_fcc_main.o
LOAD obj/Release/apps/common/rf_fcc_tool/wifi_adaptivity.o
LOAD obj/Release/apps/common/system/device_mount.o
LOAD obj/Release/apps/common/system/flash_write_protect.o
LOAD obj/Release/apps/common/system/init.o
LOAD obj/Release/apps/common/system/init_expand.o
LOAD obj/Release/apps/common/system/mem_mmu.o
LOAD obj/Release/apps/common/system/perf_counter/example/main.o
LOAD obj/Release/apps/common/system/perf_counter/perf_counter.o
LOAD obj/Release/apps/common/system/power_manage.o
LOAD obj/Release/apps/common/system/version.o
LOAD obj/Release/apps/common/update/fs_update.o
LOAD obj/Release/apps/common/update/http_update.o
LOAD obj/Release/apps/common/update/net_update.o
LOAD obj/Release/apps/common/update/update.o
LOAD obj/Release/apps/common/usb/device/cdc.o
LOAD obj/Release/apps/common/usb/device/custom_hid.o
LOAD obj/Release/apps/common/usb/device/descriptor.o
LOAD obj/Release/apps/common/usb/device/hid.o
LOAD obj/Release/apps/common/usb/device/hid_keyboard.o
LOAD obj/Release/apps/common/usb/device/hid_pos.o
LOAD obj/Release/apps/common/usb/device/msd.o
LOAD obj/Release/apps/common/usb/device/msd_cdrom.o
LOAD obj/Release/apps/common/usb/device/msd_upgrade.o
LOAD obj/Release/apps/common/usb/device/printer.o
LOAD obj/Release/apps/common/usb/device/ram_disk_circle.o
LOAD obj/Release/apps/common/usb/device/ram_disk_update.o
LOAD obj/Release/apps/common/usb/device/rndis_connectionless.o
LOAD obj/Release/apps/common/usb/device/task_pc.o
LOAD obj/Release/apps/common/usb/device/uac.o
LOAD obj/Release/apps/common/usb/device/uac1.o
LOAD obj/Release/apps/common/usb/device/uac2.o
LOAD obj/Release/apps/common/usb/device/uac_stream.o
LOAD obj/Release/apps/common/usb/device/usb_device.o
LOAD obj/Release/apps/common/usb/device/user_setup.o
LOAD obj/Release/apps/common/usb/device/uvc.o
LOAD obj/Release/apps/common/usb/host/adb.o
LOAD obj/Release/apps/common/usb/host/aoa.o
LOAD obj/Release/apps/common/usb/host/audio.o
LOAD obj/Release/apps/common/usb/host/hid.o
LOAD obj/Release/apps/common/usb/host/hub.o
LOAD obj/Release/apps/common/usb/host/rndis_host_connectionless.o
LOAD obj/Release/apps/common/usb/host/task_host_husb.o
LOAD obj/Release/apps/common/usb/host/usb_bulk_transfer.o
LOAD obj/Release/apps/common/usb/host/usb_ctrl_transfer.o
LOAD obj/Release/apps/common/usb/host/usb_host.o
LOAD obj/Release/apps/common/usb/host/usb_host_cdc.o
LOAD obj/Release/apps/common/usb/host/usb_storage.o
LOAD obj/Release/apps/common/usb/host/usb_video.o
LOAD obj/Release/apps/common/usb/host/usbnet.o
LOAD obj/Release/apps/common/usb/host/uvc_host.o
LOAD obj/Release/apps/common/usb/usb_config.o
LOAD obj/Release/apps/common/usb/usb_epbuf_manager.o
LOAD obj/Release/apps/common/usb/usb_host_config.o
LOAD obj/Release/apps/common/video/jpg2avi.o
LOAD obj/Release/apps/common/video/logo_show.o
LOAD obj/Release/apps/common/video/quick_show_uvc.o
LOAD obj/Release/apps/common/video/simple_avi_unpkg.o
LOAD obj/Release/apps/common/video/user_video_rec.o
LOAD obj/Release/apps/wifi_camera/app_database.o
LOAD obj/Release/apps/wifi_camera/app_main.o
LOAD obj/Release/apps/wifi_camera/backlight.o
LOAD obj/Release/apps/wifi_camera/key_voice.o
LOAD obj/Release/apps/wifi_camera/lvgl_v8_ui_app/style_JL/custom/custom.o
LOAD obj/Release/apps/wifi_camera/lvgl_v8_ui_app/style_JL/custom/multi_language.o
LOAD obj/Release/apps/wifi_camera/lvgl_v8_ui_app/style_JL/custom/sim_database.o
LOAD obj/Release/apps/wifi_camera/lvgl_v8_ui_app/style_JL/custom/ui_action_animation.o
LOAD obj/Release/apps/wifi_camera/lvgl_v8_ui_app/style_JL/custom/ui_action_linedrift.o
LOAD obj/Release/apps/wifi_camera/lvgl_v8_ui_app/style_JL/custom/ui_action_list.o
LOAD obj/Release/apps/wifi_camera/lvgl_v8_ui_app/style_JL/custom/ui_action_main.o
LOAD obj/Release/apps/wifi_camera/lvgl_v8_ui_app/style_JL/custom/ui_action_parking.o
LOAD obj/Release/apps/wifi_camera/lvgl_v8_ui_app/style_JL/custom/ui_action_replay.o
LOAD obj/Release/apps/wifi_camera/lvgl_v8_ui_app/style_JL/custom/ui_action_sys_setting.o
LOAD obj/Release/apps/wifi_camera/lvgl_v8_ui_app/style_JL/custom/ui_action_usb.o
LOAD obj/Release/apps/wifi_camera/lvgl_v8_ui_app/style_JL/custom/ui_action_video_photo.o
LOAD obj/Release/apps/wifi_camera/lvgl_v8_ui_app/style_JL/custom/ui_action_video_rec.o
LOAD obj/Release/apps/wifi_camera/lvgl_v8_ui_app/style_JL/generated/gui_events/callback_handler.o
LOAD obj/Release/apps/wifi_camera/lvgl_v8_ui_app/style_JL/generated/gui_events/events_init.o
LOAD obj/Release/apps/wifi_camera/lvgl_v8_ui_app/style_JL/generated/gui_events/i18n_handler.o
LOAD obj/Release/apps/wifi_camera/lvgl_v8_ui_app/style_JL/generated/gui_events/screen_handler.o
LOAD obj/Release/apps/wifi_camera/lvgl_v8_ui_app/style_JL/generated/gui_fonts/gui_fonts.o
LOAD obj/Release/apps/wifi_camera/lvgl_v8_ui_app/style_JL/generated/gui_group/gui_group.o
LOAD obj/Release/apps/wifi_camera/lvgl_v8_ui_app/style_JL/generated/gui_guider.o
LOAD obj/Release/apps/wifi_camera/lvgl_v8_ui_app/style_JL/generated/gui_msg/gui_model_global_subpage_msg.o
LOAD obj/Release/apps/wifi_camera/lvgl_v8_ui_app/style_JL/generated/gui_msg/gui_model_main_msg.o
LOAD obj/Release/apps/wifi_camera/lvgl_v8_ui_app/style_JL/generated/gui_msg/gui_model_msg.o
LOAD obj/Release/apps/wifi_camera/lvgl_v8_ui_app/style_JL/generated/gui_msg/gui_model_sys_setting_msg.o
LOAD obj/Release/apps/wifi_camera/lvgl_v8_ui_app/style_JL/generated/gui_msg/gui_model_update_msg.o
LOAD obj/Release/apps/wifi_camera/lvgl_v8_ui_app/style_JL/generated/gui_msg/gui_model_video_photo_msg.o
LOAD obj/Release/apps/wifi_camera/lvgl_v8_ui_app/style_JL/generated/gui_msg/gui_model_video_play_msg.o
LOAD obj/Release/apps/wifi_camera/lvgl_v8_ui_app/style_JL/generated/gui_msg/gui_model_video_rec_msg.o
LOAD obj/Release/apps/wifi_camera/lvgl_v8_ui_app/style_JL/generated/gui_msg/gui_msg.o
LOAD obj/Release/apps/wifi_camera/lvgl_v8_ui_app/style_JL/generated/gui_msg/gui_sys_model_msg.o
LOAD obj/Release/apps/wifi_camera/lvgl_v8_ui_app/style_JL/generated/gui_res/res_common.o
LOAD obj/Release/apps/wifi_camera/lvgl_v8_ui_app/style_JL/generated/gui_scr/setup_scr_car_parking.o
LOAD obj/Release/apps/wifi_camera/lvgl_v8_ui_app/style_JL/generated/gui_scr/setup_scr_home_page.o
LOAD obj/Release/apps/wifi_camera/lvgl_v8_ui_app/style_JL/generated/gui_scr/setup_scr_line_drift.o
LOAD obj/Release/apps/wifi_camera/lvgl_v8_ui_app/style_JL/generated/gui_scr/setup_scr_sys_popwin.o
LOAD obj/Release/apps/wifi_camera/lvgl_v8_ui_app/style_JL/generated/gui_scr/setup_scr_sys_prompt.o
LOAD obj/Release/apps/wifi_camera/lvgl_v8_ui_app/style_JL/generated/gui_scr/setup_scr_sys_setting.o
LOAD obj/Release/apps/wifi_camera/lvgl_v8_ui_app/style_JL/generated/gui_scr/setup_scr_usb_slave.o
LOAD obj/Release/apps/wifi_camera/lvgl_v8_ui_app/style_JL/generated/gui_scr/setup_scr_video_dir.o
LOAD obj/Release/apps/wifi_camera/lvgl_v8_ui_app/style_JL/generated/gui_scr/setup_scr_video_file.o
LOAD obj/Release/apps/wifi_camera/lvgl_v8_ui_app/style_JL/generated/gui_scr/setup_scr_video_photo.o
LOAD obj/Release/apps/wifi_camera/lvgl_v8_ui_app/style_JL/generated/gui_scr/setup_scr_video_play.o
LOAD obj/Release/apps/wifi_camera/lvgl_v8_ui_app/style_JL/generated/gui_scr/setup_scr_video_rec.o
LOAD obj/Release/apps/wifi_camera/lvgl_v8_ui_app/style_JL/generated/gui_scr/ui_scr_manager.o
LOAD obj/Release/apps/wifi_camera/lvgl_v8_ui_app/style_JL/generated/gui_scr/ui_style.o
LOAD obj/Release/apps/wifi_camera/lvgl_v8_ui_app/style_JL/generated/gui_timelines/gui_timelines.o
LOAD obj/Release/apps/wifi_camera/lvgl_v8_ui_app/style_JL/generated/i18n/lv_i18n.o
LOAD obj/Release/apps/wifi_camera/lvgl_v8_ui_app/style_LY/custom/custom.o
LOAD obj/Release/apps/wifi_camera/lvgl_v8_ui_app/style_LY/custom/sim_database.o
LOAD obj/Release/apps/wifi_camera/lvgl_v8_ui_app/style_LY/custom/ui_action_animation.o
LOAD obj/Release/apps/wifi_camera/lvgl_v8_ui_app/style_LY/custom/ui_action_dec.o
LOAD obj/Release/apps/wifi_camera/lvgl_v8_ui_app/style_LY/custom/ui_action_linedrift.o
LOAD obj/Release/apps/wifi_camera/lvgl_v8_ui_app/style_LY/custom/ui_action_list.o
LOAD obj/Release/apps/wifi_camera/lvgl_v8_ui_app/style_LY/custom/ui_action_main.o
LOAD obj/Release/apps/wifi_camera/lvgl_v8_ui_app/style_LY/custom/ui_action_parking.o
LOAD obj/Release/apps/wifi_camera/lvgl_v8_ui_app/style_LY/custom/ui_action_replay.o
LOAD obj/Release/apps/wifi_camera/lvgl_v8_ui_app/style_LY/custom/ui_action_sys_setting.o
LOAD obj/Release/apps/wifi_camera/lvgl_v8_ui_app/style_LY/custom/ui_action_usb.o
LOAD obj/Release/apps/wifi_camera/lvgl_v8_ui_app/style_LY/custom/ui_action_video_photo.o
LOAD obj/Release/apps/wifi_camera/lvgl_v8_ui_app/style_LY/custom/ui_action_video_rec.o
LOAD obj/Release/apps/wifi_camera/lvgl_v8_ui_app/style_LY/generated/gui_events/callback_handler.o
LOAD obj/Release/apps/wifi_camera/lvgl_v8_ui_app/style_LY/generated/gui_events/events_init.o
LOAD obj/Release/apps/wifi_camera/lvgl_v8_ui_app/style_LY/generated/gui_events/i18n_handler.o
LOAD obj/Release/apps/wifi_camera/lvgl_v8_ui_app/style_LY/generated/gui_events/screen_handler.o
LOAD obj/Release/apps/wifi_camera/lvgl_v8_ui_app/style_LY/generated/gui_fonts/gui_fonts.o
LOAD obj/Release/apps/wifi_camera/lvgl_v8_ui_app/style_LY/generated/gui_group/gui_group.o
LOAD obj/Release/apps/wifi_camera/lvgl_v8_ui_app/style_LY/generated/gui_guider.o
LOAD obj/Release/apps/wifi_camera/lvgl_v8_ui_app/style_LY/generated/gui_msg/gui_model_global_subpage_msg.o
LOAD obj/Release/apps/wifi_camera/lvgl_v8_ui_app/style_LY/generated/gui_msg/gui_model_main_msg.o
LOAD obj/Release/apps/wifi_camera/lvgl_v8_ui_app/style_LY/generated/gui_msg/gui_model_msg.o
LOAD obj/Release/apps/wifi_camera/lvgl_v8_ui_app/style_LY/generated/gui_msg/gui_model_sys_setting_msg.o
LOAD obj/Release/apps/wifi_camera/lvgl_v8_ui_app/style_LY/generated/gui_msg/gui_model_update_msg.o
LOAD obj/Release/apps/wifi_camera/lvgl_v8_ui_app/style_LY/generated/gui_msg/gui_model_video_dec_msg.o
LOAD obj/Release/apps/wifi_camera/lvgl_v8_ui_app/style_LY/generated/gui_msg/gui_model_video_photo_msg.o
LOAD obj/Release/apps/wifi_camera/lvgl_v8_ui_app/style_LY/generated/gui_msg/gui_model_video_rec_msg.o
LOAD obj/Release/apps/wifi_camera/lvgl_v8_ui_app/style_LY/generated/gui_msg/gui_msg.o
LOAD obj/Release/apps/wifi_camera/lvgl_v8_ui_app/style_LY/generated/gui_msg/gui_sys_model_msg.o
LOAD obj/Release/apps/wifi_camera/lvgl_v8_ui_app/style_LY/generated/gui_res/res_common.o
LOAD obj/Release/apps/wifi_camera/lvgl_v8_ui_app/style_LY/generated/gui_scr/setup_scr_car_parking.o
LOAD obj/Release/apps/wifi_camera/lvgl_v8_ui_app/style_LY/generated/gui_scr/setup_scr_line_drift.o
LOAD obj/Release/apps/wifi_camera/lvgl_v8_ui_app/style_LY/generated/gui_scr/setup_scr_sys_popwin.o
LOAD obj/Release/apps/wifi_camera/lvgl_v8_ui_app/style_LY/generated/gui_scr/setup_scr_sys_prompt.o
LOAD obj/Release/apps/wifi_camera/lvgl_v8_ui_app/style_LY/generated/gui_scr/setup_scr_sys_setting.o
LOAD obj/Release/apps/wifi_camera/lvgl_v8_ui_app/style_LY/generated/gui_scr/setup_scr_usb_slave.o
LOAD obj/Release/apps/wifi_camera/lvgl_v8_ui_app/style_LY/generated/gui_scr/setup_scr_video_dec.o
LOAD obj/Release/apps/wifi_camera/lvgl_v8_ui_app/style_LY/generated/gui_scr/setup_scr_video_dec_options.o
LOAD obj/Release/apps/wifi_camera/lvgl_v8_ui_app/style_LY/generated/gui_scr/setup_scr_video_dir.o
LOAD obj/Release/apps/wifi_camera/lvgl_v8_ui_app/style_LY/generated/gui_scr/setup_scr_video_file.o
LOAD obj/Release/apps/wifi_camera/lvgl_v8_ui_app/style_LY/generated/gui_scr/setup_scr_video_photo.o
LOAD obj/Release/apps/wifi_camera/lvgl_v8_ui_app/style_LY/generated/gui_scr/setup_scr_video_play.o
LOAD obj/Release/apps/wifi_camera/lvgl_v8_ui_app/style_LY/generated/gui_scr/setup_scr_video_rec.o
LOAD obj/Release/apps/wifi_camera/lvgl_v8_ui_app/style_LY/generated/gui_timelines/gui_timelines.o
LOAD obj/Release/apps/wifi_camera/lvgl_v8_ui_app/style_LY/generated/i18n/lv_i18n.o
LOAD obj/Release/apps/wifi_camera/parking_detect.o
LOAD obj/Release/apps/wifi_camera/show_jpeg.o
LOAD obj/Release/apps/wifi_camera/ui_action.o
LOAD obj/Release/apps/wifi_camera/video_dec.o
LOAD obj/Release/apps/wifi_camera/video_dec_cfg.o
LOAD obj/Release/apps/wifi_camera/video_photo.o
LOAD obj/Release/apps/wifi_camera/video_rec.o
LOAD obj/Release/apps/wifi_camera/video_rec_cfg.o
LOAD obj/Release/apps/wifi_camera/video_system.o
LOAD obj/Release/apps/wifi_camera/video_system_cfg.o
LOAD obj/Release/apps/wifi_camera/wifi/ctp_cli_recv_stream.o
LOAD obj/Release/apps/wifi_camera/wifi/ctp_cmd.o
LOAD obj/Release/apps/wifi_camera/wifi/ftpd_vfs_reg.o
LOAD obj/Release/apps/wifi_camera/wifi/media_file_list.o
LOAD obj/Release/apps/wifi_camera/wifi/net_video_rec.o
LOAD obj/Release/apps/wifi_camera/wifi/network_mssdp.o
LOAD obj/Release/apps/wifi_camera/wifi/packet.o
LOAD obj/Release/apps/wifi_camera/wifi/raw_video_stream.o
LOAD obj/Release/apps/wifi_camera/wifi/stream/video_rt_tcp.o
LOAD obj/Release/apps/wifi_camera/wifi/stream/video_rt_udp.o
LOAD obj/Release/apps/wifi_camera/wifi/stream/video_rt_usr.o
LOAD obj/Release/apps/wifi_camera/wifi/strm_video_rec.o
LOAD obj/Release/apps/wifi_camera/wifi/tx_camera_cWF/tx_camera_cWF.o
LOAD obj/Release/apps/wifi_camera/wifi/video_playback.o
LOAD obj/Release/apps/wifi_camera/wifi/video_preview.o
LOAD obj/Release/apps/wifi_camera/wifi/wifi_app_task.o
LOAD obj/Release/apps/wifi_camera/board/wl83/board_develop.o
START GROUP
START GROUP
LOAD ../../../../cpu/wl83/liba/system.a
LOAD ../../../../cpu/wl83/liba/fs.a
LOAD ../../../../cpu/wl83/liba/cfg_tool.a
LOAD ../../../../cpu/wl83/liba/event.a
LOAD ../../../../cpu/wl83/liba/cpu.a
LOAD ../../../../cpu/wl83/liba/json.a
LOAD ../../../../cpu/wl83/liba/update.a
LOAD ../../../../cpu/wl83/liba/common_lib.a
LOAD ../../../../cpu/wl83/liba/video_rec_server.a
LOAD ../../../../cpu/wl83/liba/video_dec_server.a
LOAD ../../../../cpu/wl83/liba/audio_server.a
LOAD ../../../../cpu/wl83/liba/libaec.a
LOAD ../../../../cpu/wl83/liba/libdns.a
LOAD ../../../../cpu/wl83/liba/libjlsp.a
LOAD ../../../../cpu/wl83/liba/lib_mp3_dec.a
LOAD ../../../../cpu/wl83/liba/lib_usb_syn.a
LOAD ../../../../cpu/wl83/liba/video_engine.a
LOAD ../../../../cpu/wl83/liba/wl_rf_common.a
LOAD ../../../../cpu/wl83/liba/hsm.a
LOAD ../../../../cpu/wl83/liba/http_cli.a
LOAD ../../../../cpu/wl83/liba/https_cli.a
LOAD ../../../../cpu/wl83/liba/http_server.a
LOAD ../../../../cpu/wl83/liba/json.a
LOAD ../../../../cpu/wl83/liba/iperf.a
LOAD ../../../../cpu/wl83/liba/libmbedtls_3_4_0.a
LOAD ../../../../cpu/wl83/liba/libcrypto_mbedtls.a
LOAD ../../../../cpu/wl83/liba/lwip_2_2_0.a
LOAD ../../../../cpu/wl83/liba/wl_wifi.a
LOAD ../../../../cpu/wl83/liba/profile.a
LOAD ../../../../cpu/wl83/liba/libjlsp_kws_far_keyword.a
LOAD ../../../../cpu/wl83/liba/libkwscommon.a
LOAD ../../../../cpu/wl83/liba/wpasupplicant.a
LOAD ../../../../cpu/wl83/liba/stream_media_server.a
LOAD ../../../../cpu/wl83/liba/ftpserver_new.a
LOAD ../../../../cpu/wl83/liba/net_server.a
LOAD ../../../../cpu/wl83/liba/libqrcode.a
END GROUP
LOAD ../../../../cpu/wl83/liba/lvgl_v8_extend.a
LOAD ../../../../include_lib/newlib/pi32v2-lib/libm.a
LOAD ../../../../include_lib/newlib/pi32v2-lib/libc.a
LOAD ../../../../include_lib/newlib/pi32v2-lib/libcompiler_rt.a
END GROUP
                0x000f9f30                memcpy = 0xf9f30
                0x000f9f34                memmove = 0xf9f34
                0x000f9f38                memcmp = 0xf9f38
                0x000f9f3c                memset = 0xf9f3c
                0x000f9f40                strcmp = 0xf9f40
                0x000f9f44                strcpy = 0xf9f44
                0x000f9f48                strlen = 0xf9f48
                0x000f9f4c                strncmp = 0xf9f4c
                0x000f9f50                strstr = 0xf9f50
                0x000f9f54                strchr = 0xf9f54
                0x000f9fc0                LZ4_setStreamDecode = 0xf9fc0
                0x000f9fc4                LZ4_decompress_safe_continue = 0xf9fc4
                0x000f9fc8                LZ4_decompress_generic = 0xf9fc8
                0x000f9fcc                LZ4_decompress_safe_usingDict = 0xf9fcc
                0x000f9fd0                dec_isd_cfg_ini = 0xf9fd0
                0x0000003c                BOOT_INFO_SIZE = 0x3c
                0x00000000                TLB_SIZE = 0x0
                0x00000000                MMU_TAG_ADDR = 0x0
                0x18000000                SDRAM_ORIGIN = 0x18000000
                0x01000000                SDRAM_SIZE = 0x1000000
                0x00000000                VIDEO_RAM_SIZE = 0x0
                0x0001fd44                RAM0_SIZE = (((0x1fe00 - TLB_SIZE) - BOOT_INFO_SIZE) - 0x80)
                0x0011fd80                UPDATA_BEG = 0x11fd80
                0x00000000                FREE_DCACHE_WAY = 0x0
                0x00000000                FREE_ICACHE0_WAY = 0x0
                0x00000000                FREE_ICACHE1_WAY = 0x0
                0x00000000                DCACHE_RAM_SIZE = (FREE_DCACHE_WAY * 0x1000)
                0x00000000                ICACHE0_RAM_SIZE = (FREE_ICACHE0_WAY * 0x1000)
                0x00000000                ICACHE1_RAM_SIZE = (FREE_ICACHE1_WAY * 0x1000)
                0x08000120                . = ORIGIN (rom)

.text           0x08000120   0x1bbce0
                0x08000120                _rom_text_code_begin = .
                0x08000120                PROVIDE (rom_text_code_begin, .)
 *startup.S.o(.text)
 .text          0x08000120      0x172 ../../../../cpu/wl83/liba/cpu.a(startup.S.o)
                0x08000120                _start
                0x08000122                wait_if_breakpoint
                0x0800026a                cpu1_start
                0x0800027e                exception_irq_handler
 *(.boot_code)
 .boot_code     0x08000292       0xd2 ..\..\..\..\cpu\wl83\tools\sdk.elf.o
                0x08000292                boot_info_init
                0x080002bc                dma_startup_memcopy
                0x08000306                dma_startup_memset
 *(.LOG_TAG_CONST*)
                0x08000364                . = ALIGN (0x4)
                0x08000364                __VERSION_BEGIN = .
 *(.sys.version)
 .sys.version   0x08000364       0x1a obj/Release/include_lib/btctrler/version.z.o
 .sys.version   0x0800037e       0x19 obj/Release/include_lib/btstack/version.z.o
                0x0800037e                include_lib_btstack_version
 .sys.version   0x08000397       0x18 obj/Release/include_lib/driver/version.z.o
                0x08000397                include_lib_driver_version
 .sys.version   0x080003af       0x15 obj/Release/include_lib/net/version.z.o
                0x080003af                include_lib_net_version
 .sys.version   0x080003c4       0x18 obj/Release/include_lib/server/version.z.o
                0x080003c4                include_lib_server_version
 .sys.version   0x080003dc       0x18 obj/Release/include_lib/system/version.z.o
                0x080003dc                include_lib_system_version
 .sys.version   0x080003f4       0x18 obj/Release/include_lib/update/version.z.o
                0x080003f4                include_lib_update_version
 .sys.version   0x0800040c       0x17 obj/Release/include_lib/utils/version.z.o
                0x0800040c                include_lib_utils_version
 .sys.version   0x08000423        0xe obj/Release/lib/net/version.z.o
                0x08000423                lib_net_version
 .sys.version   0x08000431       0x10 obj/Release/lib/server/version.z.o
                0x08000431                lib_server_version
 .sys.version   0x08000441        0xf obj/Release/lib/utils/version.z.o
                0x08000441                lib_utils_version
 .sys.version   0x08000450       0x10 ../../../../cpu/wl83/liba/system.a(version.z.o)
                0x08000450                lib_system_version
 .sys.version   0x08000460        0x0 ../../../../cpu/wl83/liba/fs.a(version.z.o)
                0x08000460                lib_fs_version
 .sys.version   0x08000460        0x0 ../../../../cpu/wl83/liba/cfg_tool.a(version.z.o)
                0x08000460                lib_cfg_tool_version
 .sys.version   0x08000460        0x0 ../../../../cpu/wl83/liba/event.a(version.z.o)
                0x08000460                lib_event_version
 .sys.version   0x08000460       0x31 ../../../../cpu/wl83/liba/cpu.a(version.z.o)
                0x08000460                lib_driver_version
 .sys.version   0x08000491        0x0 ../../../../cpu/wl83/liba/json.a(version.z.o)
                0x08000491                lib_json_c_version
 .sys.version   0x08000491       0x10 ../../../../cpu/wl83/liba/update.a(version.z.o)
                0x08000491                lib_update_version
 .sys.version   0x080004a1        0x0 ../../../../cpu/wl83/liba/common_lib.a(version.z.o)
                0x080004a1                lib_common_version
 .sys.version   0x080004a1       0x32 ../../../../cpu/wl83/liba/video_rec_server.a(version.z.o)
                0x080004a1                lib_video_rec_version
 .sys.version   0x080004d3        0x0 ../../../../cpu/wl83/liba/video_dec_server.a(version.z.o)
                0x080004d3                lib_video_dec_version
 .sys.version   0x080004d3        0x0 ../../../../cpu/wl83/liba/audio_server.a(version.z.o)
                0x080004d3                lib_audio_server_version
 .sys.version   0x080004d3        0x0 ../../../../cpu/wl83/liba/hsm.a(version.z.o)
                0x080004d3                lib_hsm_version
 .sys.version   0x080004d3        0x0 ../../../../cpu/wl83/liba/http_cli.a(version.z.o)
                0x080004d3                lib_httpcli_version
 .sys.version   0x080004d3        0x0 ../../../../cpu/wl83/liba/http_server.a(version.z.o)
                0x080004d3                lib_http_server_version
 .sys.version   0x080004d3        0x0 ../../../../cpu/wl83/liba/iperf.a(version.z.o)
                0x080004d3                lib_iperf_version
 .sys.version   0x080004d3        0x0 ../../../../cpu/wl83/liba/libmbedtls_3_4_0.a(version.z.o)
                0x080004d3                lib_mbedtls_3_4_0_version
 .sys.version   0x080004d3        0x0 ../../../../cpu/wl83/liba/lwip_2_2_0.a(version.z.o)
                0x080004d3                lib_lwip_2_2_0_version
 .sys.version   0x080004d3        0x0 ../../../../cpu/wl83/liba/wl_wifi.a(version.z.o)
                0x080004d3                lib_wifi_version
 .sys.version   0x080004d3        0x0 ../../../../cpu/wl83/liba/profile.a(version.z.o)
                0x080004d3                lib_profile_version
 .sys.version   0x080004d3        0x0 ../../../../cpu/wl83/liba/stream_media_server.a(version.z.o)
                0x080004d3                lib_media_server_version
 .sys.version   0x080004d3        0x0 ../../../../cpu/wl83/liba/ftpserver_new.a(version.z.o)
                0x080004d3                lib_ftpserver_version
 .sys.version   0x080004d3        0x0 ../../../../cpu/wl83/liba/net_server.a(version.z.o)
                0x080004d3                lib_net_server_version
 .sys.version   0x080004d3        0x0 ../../../../cpu/wl83/liba/lvgl_v8_extend.a(version.z.o)
                0x080004d3                lib_lvgl_v8_extend_version
                0x080004d3                __VERSION_END = .
 *(.jlsp_code)
                0x080004d4                . = ALIGN (0x4)
 *fill*         0x080004d3        0x1 
 *(.jlsp_const)
 *(.mp3_dec_sparse_code)
 .mp3_dec_sparse_code
                0x080004d4     0x1918 ..\..\..\..\cpu\wl83\tools\sdk.elf.o
 *(.mp3_dec_sparse_const)
 *(.mp3_dec_code)
 .mp3_dec_code  0x08001dec     0x2ee6 ..\..\..\..\cpu\wl83\tools\sdk.elf.o
 *(.mp3_dec_const)
 *fill*         0x08004cd2        0x2 
 .mp3_dec_const
                0x08004cd4     0x290a ..\..\..\..\cpu\wl83\tools\sdk.elf.o
 *(.power_driver.text)
 .power_driver.text
                0x080075de     0x2a68 ..\..\..\..\cpu\wl83\tools\sdk.elf.o
 *(.power_driver.text.const)
 *fill*         0x0800a046       0x1a 
 .power_driver.text.const
                0x0800a060      0xf3d ..\..\..\..\cpu\wl83\tools\sdk.elf.o
                0x0800afa0                . = ALIGN (0x4)
 *fill*         0x0800af9d        0x3 
                0x0800afa0                lp_target_begin = .
                [!provide]                PROVIDE (lp_target_begin, .)
 *(.lp_target)
 .lp_target     0x0800afa0      0x114 ..\..\..\..\cpu\wl83\tools\sdk.elf.o
                0x0800afa0                key_lp_target
                0x0800afac                ota_lp_target
                0x0800afb8                usr_systimer_lp_target
                0x0800afc4                vm_lp_target
                0x0800afd0                uart_lp_target
                0x0800afdc                iic_hw_lp_target
                0x0800afe8                iic_hw_plus_lp_target
                0x0800aff4                spi_lp_target
                0x0800b000                can_lp_target
                0x0800b00c                dma_lp_target
                0x0800b018                gpcnt_lp_target
                0x0800b024                dac_lp_target
                0x0800b030                pwm_lp_target
                0x0800b03c                pap_lp_target
                0x0800b048                norflash_lp_target
                0x0800b054                sdx_lp_target
                0x0800b060                usb_dev_lp_target
                0x0800b06c                audio_cmd_lp_target
                0x0800b078                aes_lp_target
                0x0800b084                eth_lp_target
                0x0800b090                adc_lp_target
                0x0800b09c                alnk_lp_target
                0x0800b0a8                plnk_lp_target
                0x0800b0b4                lp_target_end = .
                [!provide]                PROVIDE (lp_target_end, .)
                0x0800b0b4                . = ALIGN (0x4)
                0x0800b0b4                lp_request_begin = .
                [!provide]                PROVIDE (lp_request_begin, .)
 *(.lp_request)
                0x0800b0b4                lp_request_end = .
                [!provide]                PROVIDE (lp_request_end, .)
                0x0800b0b4                . = ALIGN (0x4)
                0x0800b0b4                deepsleep_target_begin = .
                [!provide]                PROVIDE (deepsleep_target_begin, .)
 *(.deepsleep_target)
                0x0800b0b4                deepsleep_target_end = .
                [!provide]                PROVIDE (deepsleep_target_end, .)
                0x0800b0b4                . = ALIGN (0x4)
                0x0800b0b4                p2m_msg_handler_begin = .
                [!provide]                PROVIDE (p2m_msg_handler_begin, .)
 *(.p2m_msg_handler)
                0x0800b0b4                PROVIDE (p2m_msg_handler_end, .)
                0x0800b0b4                p2m_msg_handler_end = .
 *(.*.cache.L2.code)
 *(.*.text)
 *(.text*)
 .text          0x0800b0b4   0x150aec ..\..\..\..\cpu\wl83\tools\sdk.elf.o
                0x0800cdde                exception_analyze
                0x08052e54                __errno
                0x08052e5c                __rt_local_irq_disable
                0x08052e8e                __rt_local_irq_enable
                0x0805387c                cpu1_main
                0x0805408a                main
                0x0805957a                update_result_get
 .text          0x0815bba0        0x0 obj/Release/include_lib/btctrler/version.z.o
 .text          0x0815bba0        0x0 obj/Release/include_lib/btstack/version.z.o
 .text          0x0815bba0        0x0 obj/Release/include_lib/driver/version.z.o
 .text          0x0815bba0        0x0 obj/Release/include_lib/net/version.z.o
 .text          0x0815bba0        0x0 obj/Release/include_lib/server/version.z.o
 .text          0x0815bba0        0x0 obj/Release/include_lib/system/version.z.o
 .text          0x0815bba0        0x0 obj/Release/include_lib/update/version.z.o
 .text          0x0815bba0        0x0 obj/Release/include_lib/utils/version.z.o
 .text          0x0815bba0        0x0 obj/Release/lib/net/version.z.o
 .text          0x0815bba0        0x0 obj/Release/lib/server/version.z.o
 .text          0x0815bba0        0x0 obj/Release/lib/utils/version.z.o
 .text          0x0815bba0        0x0 ../../../../cpu/wl83/liba/system.a(movable.S.o)
 .text          0x0815bba0        0x0 ../../../../cpu/wl83/liba/system.a(version.z.o)
 .text          0x0815bba0        0x0 ../../../../cpu/wl83/liba/fs.a(version.z.o)
 .text          0x0815bba0        0x0 ../../../../cpu/wl83/liba/cfg_tool.a(version.z.o)
 .text          0x0815bba0        0x0 ../../../../cpu/wl83/liba/event.a(version.z.o)
 .text          0x0815bba0        0x0 ../../../../cpu/wl83/liba/cpu.a(version.z.o)
 .text          0x0815bba0        0x0 ../../../../cpu/wl83/liba/json.a(version.z.o)
 .text          0x0815bba0        0x0 ../../../../cpu/wl83/liba/update.a(version.z.o)
 .text          0x0815bba0        0x0 ../../../../cpu/wl83/liba/common_lib.a(version.z.o)
 .text          0x0815bba0        0x0 ../../../../cpu/wl83/liba/video_rec_server.a(version.z.o)
 .text          0x0815bba0        0x0 ../../../../cpu/wl83/liba/video_dec_server.a(version.z.o)
 .text          0x0815bba0        0x0 ../../../../cpu/wl83/liba/audio_server.a(version.z.o)
 .text          0x0815bba0        0x0 ../../../../cpu/wl83/liba/hsm.a(version.z.o)
 .text          0x0815bba0        0x0 ../../../../cpu/wl83/liba/http_cli.a(version.z.o)
 .text          0x0815bba0        0x0 ../../../../cpu/wl83/liba/http_server.a(version.z.o)
 .text          0x0815bba0        0x0 ../../../../cpu/wl83/liba/iperf.a(version.z.o)
 .text          0x0815bba0        0x0 ../../../../cpu/wl83/liba/libmbedtls_3_4_0.a(version.z.o)
 .text          0x0815bba0        0x0 ../../../../cpu/wl83/liba/lwip_2_2_0.a(version.z.o)
 .text          0x0815bba0        0x0 ../../../../cpu/wl83/liba/wl_wifi.a(version.z.o)
 .text          0x0815bba0        0x0 ../../../../cpu/wl83/liba/profile.a(version.z.o)
 .text          0x0815bba0        0x0 ../../../../cpu/wl83/liba/stream_media_server.a(version.z.o)
 .text          0x0815bba0        0x0 ../../../../cpu/wl83/liba/ftpserver_new.a(version.z.o)
 .text          0x0815bba0        0x0 ../../../../cpu/wl83/liba/net_server.a(version.z.o)
 .text          0x0815bba0        0x0 ../../../../cpu/wl83/liba/lvgl_v8_extend.a(version.z.o)
 .text          0x0815bba0      0x10c ../../../../include_lib/newlib/pi32v2-lib/libm.a(lib_a-s_ceil.o)
                0x0815bba0                ceil
 .text          0x0815bcac       0x84 ../../../../include_lib/newlib/pi32v2-lib/libm.a(lib_a-s_cos.o)
                0x0815bcac                cos
 .text          0x0815bd30       0x72 ../../../../include_lib/newlib/pi32v2-lib/libm.a(lib_a-sf_ceil.o)
                0x0815bd30                ceilf
 .text          0x0815bda2       0x6c ../../../../include_lib/newlib/pi32v2-lib/libm.a(lib_a-sf_cos.o)
                0x0815bda2                cosf
 .text          0x0815be0e        0x4 ../../../../include_lib/newlib/pi32v2-lib/libm.a(lib_a-sf_fabs.o)
                0x0815be0e                fabsf
 .text          0x0815be12       0x72 ../../../../include_lib/newlib/pi32v2-lib/libm.a(lib_a-sf_floor.o)
                0x0815be12                floorf
 .text          0x0815be84       0x62 ../../../../include_lib/newlib/pi32v2-lib/libm.a(lib_a-s_fpclassify.o)
                0x0815be84                __fpclassifyd
 .text          0x0815bee6       0x4a ../../../../include_lib/newlib/pi32v2-lib/libm.a(lib_a-sf_round.o)
                0x0815bee6                roundf
 .text          0x0815bf30       0x6c ../../../../include_lib/newlib/pi32v2-lib/libm.a(lib_a-sf_sin.o)
                0x0815bf30                sinf
 .text          0x0815bf9c       0x8e ../../../../include_lib/newlib/pi32v2-lib/libm.a(lib_a-s_modf.o)
                0x0815bf9c                modf
 .text          0x0815c02a       0x80 ../../../../include_lib/newlib/pi32v2-lib/libm.a(lib_a-s_sin.o)
                0x0815c02a                sin
 .text          0x0815c0aa        0x4 ../../../../include_lib/newlib/pi32v2-lib/libm.a(lib_a-wf_acos.o)
                0x0815c0aa                acosf
 .text          0x0815c0ae        0x4 ../../../../include_lib/newlib/pi32v2-lib/libm.a(lib_a-wf_atan2.o)
                0x0815c0ae                atan2f
 .text          0x0815c0b2        0x4 ../../../../include_lib/newlib/pi32v2-lib/libm.a(lib_a-wf_sqrt.o)
                0x0815c0b2                sqrtf
 .text          0x0815c0b6        0x4 ../../../../include_lib/newlib/pi32v2-lib/libm.a(lib_a-w_pow.o)
                0x0815c0b6                pow
 .text          0x0815c0ba      0x284 ../../../../include_lib/newlib/pi32v2-lib/libm.a(lib_a-ef_acos.o)
                0x0815c0ba                __ieee754_acosf
 .text          0x0815c33e       0xf8 ../../../../include_lib/newlib/pi32v2-lib/libm.a(lib_a-ef_atan2.o)
                0x0815c33e                __ieee754_atan2f
 .text          0x0815c436      0x222 ../../../../include_lib/newlib/pi32v2-lib/libm.a(lib_a-ef_rem_pio2.o)
                0x0815c436                __ieee754_rem_pio2f
 .text          0x0815c658       0x86 ../../../../include_lib/newlib/pi32v2-lib/libm.a(lib_a-ef_sqrt.o)
                0x0815c658                __ieee754_sqrtf
 .text          0x0815c6de      0x84a ../../../../include_lib/newlib/pi32v2-lib/libm.a(lib_a-e_pow.o)
                0x0815c6de                __ieee754_pow
 .text          0x0815cf28      0x392 ../../../../include_lib/newlib/pi32v2-lib/libm.a(lib_a-e_rem_pio2.o)
                0x0815cf28                __ieee754_rem_pio2
 .text          0x0815d2ba      0x148 ../../../../include_lib/newlib/pi32v2-lib/libm.a(lib_a-e_sqrt.o)
                0x0815d2ba                __ieee754_sqrt
 .text          0x0815d402      0x160 ../../../../include_lib/newlib/pi32v2-lib/libm.a(lib_a-k_cos.o)
                0x0815d402                __kernel_cos
 .text          0x0815d562       0xd6 ../../../../include_lib/newlib/pi32v2-lib/libm.a(lib_a-kf_cos.o)
                0x0815d562                __kernel_cosf
 .text          0x0815d638      0x47e ../../../../include_lib/newlib/pi32v2-lib/libm.a(lib_a-kf_rem_pio2.o)
                0x0815d638                __kernel_rem_pio2f
 .text          0x0815dab6       0x9e ../../../../include_lib/newlib/pi32v2-lib/libm.a(lib_a-kf_sin.o)
                0x0815dab6                __kernel_sinf
 .text          0x0815db54      0x62c ../../../../include_lib/newlib/pi32v2-lib/libm.a(lib_a-k_rem_pio2.o)
                0x0815db54                __kernel_rem_pio2
 .text          0x0815e180      0x130 ../../../../include_lib/newlib/pi32v2-lib/libm.a(lib_a-k_sin.o)
                0x0815e180                __kernel_sin
 .text          0x0815e2b0        0x4 ../../../../include_lib/newlib/pi32v2-lib/libm.a(lib_a-s_fabs.o)
                0x0815e2b0                fabs
 .text          0x0815e2b4      0x1ac ../../../../include_lib/newlib/pi32v2-lib/libm.a(lib_a-sf_atan.o)
                0x0815e2b4                atanf
 .text          0x0815e460       0xfc ../../../../include_lib/newlib/pi32v2-lib/libm.a(lib_a-s_floor.o)
                0x0815e460                floor
 .text          0x0815e55c       0xa2 ../../../../include_lib/newlib/pi32v2-lib/libm.a(lib_a-sf_scalbn.o)
                0x0815e55c                scalbnf
 .text          0x0815e5fe        0xa ../../../../include_lib/newlib/pi32v2-lib/libm.a(lib_a-s_nan.o)
                0x0815e5fe                nan
 .text          0x0815e608       0xe2 ../../../../include_lib/newlib/pi32v2-lib/libm.a(lib_a-s_scalbn.o)
                0x0815e608                scalbn
 .text          0x0815e6ea       0x20 ../../../../include_lib/newlib/pi32v2-lib/libm.a(lib_a-s_copysign.o)
                0x0815e6ea                copysign
 .text          0x0815e70a        0x8 ../../../../include_lib/newlib/pi32v2-lib/libm.a(lib_a-sf_copysign.o)
                0x0815e70a                copysignf
 .text          0x0815e712       0x1c ../../../../include_lib/newlib/pi32v2-lib/libc.a(lib_a-atoi.o)
                0x0815e712                atoi
                0x0815e720                _atoi_r
 .text          0x0815e72e       0x46 ../../../../include_lib/newlib/pi32v2-lib/libc.a(lib_a-bsearch.o)
                0x0815e72e                bsearch
 .text          0x0815e774        0x0 ../../../../include_lib/newlib/pi32v2-lib/libc.a(lib_a-ctype_.o)
 .text          0x0815e774       0x14 ../../../../include_lib/newlib/pi32v2-lib/libc.a(lib_a-gmtime.o)
                0x0815e774                gmtime
 .text          0x0815e788      0x150 ../../../../include_lib/newlib/pi32v2-lib/libc.a(lib_a-gmtime_r.o)
                0x0815e788                gmtime_r
 .text          0x0815e8d8        0x0 ../../../../include_lib/newlib/pi32v2-lib/libc.a(lib_a-impure.o)
 .text          0x0815e8d8       0x1a ../../../../include_lib/newlib/pi32v2-lib/libc.a(lib_a-islower.o)
                0x0815e8d8                islower
 .text          0x0815e8f2       0x12 ../../../../include_lib/newlib/pi32v2-lib/libc.a(lib_a-isspace.o)
                0x0815e8f2                isspace
 .text          0x0815e904       0x5e ../../../../include_lib/newlib/pi32v2-lib/libc.a(lib_a-memchr.o)
                0x0815e904                memchr
 .text          0x0815e962      0x380 ../../../../include_lib/newlib/pi32v2-lib/libc.a(lib_a-memmem.o)
                0x0815ea5e                memmem
 .text          0x0815ece2      0x4c0 ../../../../include_lib/newlib/pi32v2-lib/libc.a(lib_a-qsort.o)
                0x0815ece2                qsort
 .text          0x0815f1a2       0x4e ../../../../include_lib/newlib/pi32v2-lib/libc.a(lib_a-rand.o)
                0x0815f1a2                srand
                0x0815f1b2                rand
 .text          0x0815f1f0       0x2c ../../../../include_lib/newlib/pi32v2-lib/libc.a(lib_a-strcat.o)
                0x0815f1f0                strcat
 .text          0x0815f21c       0x46 ../../../../include_lib/newlib/pi32v2-lib/libc.a(lib_a-strncasecmp.o)
                0x0815f21c                strncasecmp
 .text          0x0815f262       0x62 ../../../../include_lib/newlib/pi32v2-lib/libc.a(lib_a-strncpy.o)
                0x0815f262                strncpy
 .text          0x0815f2c4       0x3c ../../../../include_lib/newlib/pi32v2-lib/libc.a(lib_a-strpbrk.o)
                0x0815f2c4                strpbrk
 .text          0x0815f300       0x28 ../../../../include_lib/newlib/pi32v2-lib/libc.a(lib_a-strrchr.o)
                0x0815f300                strrchr
 .text          0x0815f328       0x10 ../../../../include_lib/newlib/pi32v2-lib/libc.a(lib_a-strsep.o)
                0x0815f328                strsep
 .text          0x0815f338       0x32 ../../../../include_lib/newlib/pi32v2-lib/libc.a(lib_a-strspn.o)
                0x0815f338                strspn
 .text          0x0815f36a       0x98 ../../../../include_lib/newlib/pi32v2-lib/libc.a(lib_a-strtok_r.o)
                0x0815f36a                __strtok_r
                0x0815f3ba                strtok_r
 .text          0x0815f402       0x1c ../../../../include_lib/newlib/pi32v2-lib/libc.a(lib_a-strtoll.o)
                0x0815f402                strtoll
 .text          0x0815f41e      0x162 ../../../../include_lib/newlib/pi32v2-lib/libc.a(lib_a-strtoll_r.o)
                0x0815f41e                _strtoll_r
 .text          0x0815f580      0x10c ../../../../include_lib/newlib/pi32v2-lib/libc.a(lib_a-strtol.o)
                0x0815f580                _strtol_r
                0x0815f672                strtol
 .text          0x0815f68c      0x100 ../../../../include_lib/newlib/pi32v2-lib/libc.a(lib_a-strtoul.o)
                0x0815f68c                _strtoul_r
                0x0815f774                strtoul
 .text          0x0815f78c       0x1e ../../../../include_lib/newlib/pi32v2-lib/libc.a(lib_a-tolower.o)
                0x0815f78c                tolower
 .text          0x0815f7aa       0x1e ../../../../include_lib/newlib/pi32v2-lib/libc.a(lib_a-toupper.o)
                0x0815f7aa                toupper
 .text          0x0815f7c8      0x30e ../../../../include_lib/newlib/pi32v2-lib/libcompiler_rt.a(adddf3.o)
                0x0815f7f6                __adddf3
 .text          0x0815fad6      0x1b8 ../../../../include_lib/newlib/pi32v2-lib/libcompiler_rt.a(comparedf2.o)
                0x0815fad6                __cmpdf2
                0x0815fad6                __ledf2
                0x0815fb86                __gedf2
                0x0815fc2e                __unorddf2
                0x0815fc6e                __eqdf2
                0x0815fc76                __ltdf2
                0x0815fc7e                __nedf2
                0x0815fc86                __gtdf2
 .text          0x0815fc8e      0x338 ../../../../include_lib/newlib/pi32v2-lib/libcompiler_rt.a(divdf3.o)
                0x0815fcb6                __divdf3
 .text          0x0815ffc6       0x54 ../../../../include_lib/newlib/pi32v2-lib/libcompiler_rt.a(fixdfsi.o)
                0x0815ffc6                __fixdfsi
 .text          0x0816001a       0x4c ../../../../include_lib/newlib/pi32v2-lib/libcompiler_rt.a(floatsidf.o)
                0x0816001a                __floatsidf
 .text          0x08160066      0x2ec ../../../../include_lib/newlib/pi32v2-lib/libcompiler_rt.a(muldf3.o)
                0x0816008e                __muldf3
 .text          0x08160352        0xc ../../../../include_lib/newlib/pi32v2-lib/libcompiler_rt.a(subdf3.o)
                0x08160352                __subdf3
 .text          0x0816035e       0x12 ../../../../include_lib/newlib/pi32v2-lib/libcompiler_rt.a(udivdi3.o)
                0x0816035e                __udivdi3
 .text          0x08160370      0x226 ../../../../include_lib/newlib/pi32v2-lib/libcompiler_rt.a(udivmoddi4.o)
                0x08160370                __udivmoddi4
 .text          0x08160596       0x16 ../../../../include_lib/newlib/pi32v2-lib/libcompiler_rt.a(umoddi3.o)
                0x08160596                __umoddi3
 .text          0x081605ac       0x5c ../../../../include_lib/newlib/pi32v2-lib/libcompiler_rt.a(divdi3.o)
                0x081605ac                __divdi3
 .text          0x08160608       0x7a ../../../../include_lib/newlib/pi32v2-lib/libcompiler_rt.a(extendsfdf2.o)
                0x08160608                __extendsfdf2
 .text          0x08160682       0x32 ../../../../include_lib/newlib/pi32v2-lib/libcompiler_rt.a(fixdfdi.o)
                0x08160682                __fixdfdi
 .text          0x081606b4       0x58 ../../../../include_lib/newlib/pi32v2-lib/libcompiler_rt.a(fixunsdfdi.o)
                0x081606b4                __fixunsdfdi
 .text          0x0816070c       0x3c ../../../../include_lib/newlib/pi32v2-lib/libcompiler_rt.a(fixunsdfsi.o)
                0x0816070c                __fixunsdfsi
 .text          0x08160748       0x3a ../../../../include_lib/newlib/pi32v2-lib/libcompiler_rt.a(floatdidf.o)
                0x08160748                __floatdidf
 .text          0x08160782       0x34 ../../../../include_lib/newlib/pi32v2-lib/libcompiler_rt.a(floatunsidf.o)
                0x08160782                __floatunsidf
 .text          0x081607b6      0x146 ../../../../include_lib/newlib/pi32v2-lib/libcompiler_rt.a(truncdfsf2.o)
                0x081607b6                __truncdfsf2
                0x081608fc                . = ALIGN (0x4)
                0x081608fc                _rom_text_code_end = .
                0x081608fc                PROVIDE (rom_text_code_end, .)
 *(.*.text.const)
 *(.*.cache.L2.const)
 *(.rodata*)
 .rodata.str1.1
                0x081608fc     0x5bd5 ..\..\..\..\cpu\wl83\tools\sdk.elf.o
                               0x5e07 (size before relaxing)
 *fill*         0x081664d1        0xf 
 .rodata        0x081664e0    0x4eaaa ..\..\..\..\cpu\wl83\tools\sdk.elf.o
                0x0816c3b0                uvc_dev_ops
                0x0816e4f0                fbvirtual_fbops
                0x0816e4fc                video_dev_ops
 *fill*         0x081b4f8a        0x6 
 .rodata.str1.16
                0x081b4f90     0x4500 ..\..\..\..\cpu\wl83\tools\sdk.elf.o
                               0x44f7 (size before relaxing)
 .rodata.cst32  0x081b9490      0x160 ..\..\..\..\cpu\wl83\tools\sdk.elf.o
 .rodata.cst16  0x081b95f0       0x30 ..\..\..\..\cpu\wl83\tools\sdk.elf.o
 .rodata.str4.4
                0x081b9620      0x278 ..\..\..\..\cpu\wl83\tools\sdk.elf.o
 .rodata.cst8   0x081b9898        0x8 ..\..\..\..\cpu\wl83\tools\sdk.elf.o
 .rodata.cst16  0x081b98a0       0x20 ../../../../include_lib/newlib/pi32v2-lib/libm.a(lib_a-ef_atan2.o)
 .rodata        0x081b98c0      0x398 ../../../../include_lib/newlib/pi32v2-lib/libm.a(lib_a-ef_rem_pio2.o)
 .rodata.str1.1
                0x081b9c58        0x0 ../../../../include_lib/newlib/pi32v2-lib/libm.a(lib_a-e_pow.o)
                                  0x1 (size before relaxing)
 .rodata.cst16  0x081b9c58       0x30 ../../../../include_lib/newlib/pi32v2-lib/libm.a(lib_a-e_pow.o)
 .rodata        0x081b9c88      0x188 ../../../../include_lib/newlib/pi32v2-lib/libm.a(lib_a-e_rem_pio2.o)
 .rodata        0x081b9e10       0x38 ../../../../include_lib/newlib/pi32v2-lib/libm.a(lib_a-kf_rem_pio2.o)
 .rodata.cst16  0x081b9e48       0x10 ../../../../include_lib/newlib/pi32v2-lib/libm.a(lib_a-k_rem_pio2.o)
 .rodata        0x081b9e58       0x40 ../../../../include_lib/newlib/pi32v2-lib/libm.a(lib_a-k_rem_pio2.o)
 .rodata.cst16  0x081b9e98       0x20 ../../../../include_lib/newlib/pi32v2-lib/libm.a(lib_a-sf_atan.o)
 .rodata        0x081b9eb8      0x281 ../../../../include_lib/newlib/pi32v2-lib/libc.a(lib_a-ctype_.o)
                0x081ba038                _ctype_
 *fill*         0x081ba139        0x3 
 .rodata        0x081ba13c        0x4 ../../../../include_lib/newlib/pi32v2-lib/libc.a(lib_a-impure.o)
                0x081ba13c                _global_impure_ptr
 .rodata.str1.1
                0x081ba140        0x0 ../../../../include_lib/newlib/pi32v2-lib/libc.a(lib_a-impure.o)
                                  0x2 (size before relaxing)
                0x081ba140                . = ALIGN (0x4)
                0x081ba140                ui_module_event_handler_begin = .
 *(.ui_module_event_handler)
 .ui_module_event_handler
                0x081ba140       0xe8 ..\..\..\..\cpu\wl83\tools\sdk.elf.o
                0x081ba228                ui_module_event_handler_end = .
                0x081ba228                ui_screen_action_handler_begin = .
 *(.ui_screen_action_handler)
 .ui_screen_action_handler
                0x081ba228       0x48 ..\..\..\..\cpu\wl83\tools\sdk.elf.o
                0x081ba270                ui_screen_action_handler_end = .
                0x081ba270                ui_varable_reg_tab_begin = .
 *(.ui_varable_reg_tab)
                0x081ba270                ui_varable_reg_tab_end = .
                0x081ba270                ui_key_event_handler_begin = .
 *(.ui_key_event_handler)
 .ui_key_event_handler
                0x081ba270       0x30 ..\..\..\..\cpu\wl83\tools\sdk.elf.o
                0x081ba2a0                ui_key_event_handler_end = .
                0x081ba2a0                . = ALIGN (0x4)
                0x081ba2a0                _vfs_ops_begin = .
                0x081ba2a0                PROVIDE (vfs_ops_begin, .)
 *(.vfs_operations)
 .vfs_operations
                0x081ba2a0      0x2d0 ..\..\..\..\cpu\wl83\tools\sdk.elf.o
                0x081ba2a0                nor_sdfile_vfs_ops
                0x081ba318                sdfile_vfs_ops
                0x081ba390                sdfile_ext_vfs_ops
                0x081ba408                fat_sdfile_fat_ops
                0x081ba480                jl_fat_vfs_ops
                0x081ba4f8                fat_vfs_ops
                0x081ba570                _vfs_ops_end = .
                0x081ba570                PROVIDE (vfs_ops_end, .)
                0x081ba570                _initcall_begin = .
                0x081ba570                PROVIDE (initcall_begin, .)
 *(.initcall)
 .initcall      0x081ba570       0x18 ..\..\..\..\cpu\wl83\tools\sdk.elf.o
                0x081ba570                __initcall_app_update_init
                0x081ba574                __initcall_app_config_init
                0x081ba578                __initcall_net_video_server_init
                0x081ba57c                __initcall_video_server_init
                0x081ba580                __initcall_vpkg_server_init
                0x081ba584                __initcall_audio_server_init
                0x081ba588                _initcall_end = .
                0x081ba588                PROVIDE (initcall_end, .)
                0x081ba588                _early_initcall_begin = .
                0x081ba588                PROVIDE (early_initcall_begin, .)
 *(.early.initcall)
 .early.initcall
                0x081ba588       0x38 ..\..\..\..\cpu\wl83\tools\sdk.elf.o
                0x081ba588                __initcall___sd_mutex_init
                0x081ba58c                __initcall_app_version_check
                0x081ba590                __initcall_khubd_host_init
                0x081ba594                __initcall_usb_host_mutex_init
                0x081ba598                __initcall_thread_fork_init
                0x081ba59c                __initcall_sdfile_init
                0x081ba5a0                __initcall_sys_event_init
                0x081ba5a4                __initcall_clock_manager_init
                0x081ba5a8                __initcall_dma_copy_open
                0x081ba5ac                __initcall_gpcrc_init
                0x081ba5b0                __initcall_plugin_factory_early_init
                0x081ba5b4                __initcall_wf_rf_mutex_init
                0x081ba5b8                __initcall_ntp_client_init
                0x081ba5bc                __initcall_rf_coexistence_mutex_init
                0x081ba5c0                _early_initcall_end = .
                0x081ba5c0                PROVIDE (early_initcall_end, .)
                0x081ba5c0                _late_initcall_begin = .
                0x081ba5c0                PROVIDE (late_initcall_begin, .)
 *(.late.initcall)
 .late.initcall
                0x081ba5c0       0x20 ..\..\..\..\cpu\wl83\tools\sdk.elf.o
                0x081ba5c0                __initcall_tp_init
                0x081ba5c4                __initcall_key_voice_init
                0x081ba5c8                __initcall_strm_video_rec_init
                0x081ba5cc                __initcall_wireless_net_init
                0x081ba5d0                __initcall_sub_isp_open
                0x081ba5d4                __initcall_sdk_meky_check
                0x081ba5d8                __initcall_video_ram_init
                0x081ba5dc                __initcall_video_engine_server_init
                0x081ba5e0                _late_initcall_end = .
                0x081ba5e0                PROVIDE (late_initcall_end, .)
                0x081ba5e0                _platform_initcall_begin = .
                0x081ba5e0                PROVIDE (platform_initcall_begin, .)
 *(.platform.initcall)
 .platform.initcall
                0x081ba5e0       0x1c ..\..\..\..\cpu\wl83\tools\sdk.elf.o
                0x081ba5e0                __initcall_link_hw_iic0_data
                0x081ba5e4                __initcall_link_hw_iic1_data
                0x081ba5e8                __initcall_link_hw_iic2_data
                0x081ba5ec                __initcall_link_sw_iic0_data
                0x081ba5f0                __initcall_link_sw_iic1_data
                0x081ba5f4                __initcall_link_sw_iic2_data
                0x081ba5f8                __initcall_syscfg_tools_init
                0x081ba5fc                _platform_initcall_end = .
                0x081ba5fc                PROVIDE (platform_initcall_end, .)
                0x081ba5fc                _module_initcall_begin = .
                0x081ba5fc                PROVIDE (module_initcall_begin, .)
 *(.module.initcall)
 .module.initcall
                0x081ba5fc        0x8 ..\..\..\..\cpu\wl83\tools\sdk.elf.o
                0x081ba5fc                __initcall_gsensor_init
                0x081ba600                __initcall_wait_completion_init
                0x081ba604                _module_initcall_end = .
                0x081ba604                PROVIDE (module_initcall_end, .)
                0x081ba604                _sys_event_handler_begin = .
                0x081ba604                PROVIDE (sys_event_handler_begin, .)
 *(.sys_event.4.handler)
 *(.sys_event.3.handler)
 *(.sys_event.2.handler)
 .sys_event.2.handler
                0x081ba604        0xc ..\..\..\..\cpu\wl83\tools\sdk.elf.o
                0x081ba604                __static_event_key_menu_handler
 *(.sys_event.1.handler)
 .sys_event.1.handler
                0x081ba610       0x24 ..\..\..\..\cpu\wl83\tools\sdk.elf.o
                0x081ba610                __static_event_key_handler
                0x081ba61c                __static_event_key_voice_handler
                0x081ba628                __static_event_touch_voice_handler
 *(.sys_event.0.handler)
 .sys_event.0.handler
                0x081ba634       0x54 ..\..\..\..\cpu\wl83\tools\sdk.elf.o
                0x081ba634                __static_event_static_lvgl_event_handler
                0x081ba640                __static_event_device_event
                0x081ba64c                __static_event_sys_power_enent
                0x081ba658                __static_event_dev_handler
                0x081ba664                __static_event_touch_handler
                0x081ba670                __static_event_key_event
                0x081ba67c                __static_event_touch_event
                0x081ba688                _sys_event_handler_end = .
                0x081ba688                PROVIDE (sys_event_handler_end, .)
                0x081ba688                _app_event_handler_begin = .
                [!provide]                PROVIDE (app_event_handler_begin, .)
 *(.app_event_handler)
                0x081ba688                _app_event_handler_end = .
                [!provide]                PROVIDE (app_event_handler_end, .)
                0x081ba688                _syscfg_ops_begin = .